10:31:39 **** Build of project standalone_bsp_0 ****
make -k all 
"Running Make include in ps7_cortexa9_0/libsrc/coresightps_dcc_v1_4/src"
D:/Vivado/SDK/2018.2/gnuwin/bin/make -C ps7_cortexa9_0/libsrc/coresightps_dcc_v1_4/src -s include  "SHELL=CMD" "COMPILER=arm-none-eabi-gcc" "ARCHIVER=arm-none-eabi-ar" "COMPILER_FLAGS=  -O2 -c" "EXTRA_COMPILER_FLAGS=-mcpu=cortex-a9 -mfpu=vfpv3 -mfloat-abi=hard -nostartfiles -g -Wall -Wextra"
"Running Make include in ps7_cortexa9_0/libsrc/cpu_cortexa9_v2_6/src"
D:/Vivado/SDK/2018.2/gnuwin/bin/make -C ps7_cortexa9_0/libsrc/cpu_cortexa9_v2_6/src -s include  "SHELL=CMD" "COMPILER=arm-none-eabi-gcc" "ARCHIVER=arm-none-eabi-ar" "COMPILER_FLAGS=  -O2 -c" "EXTRA_COMPILER_FLAGS=-mcpu=cortex-a9 -mfpu=vfpv3 -mfloat-abi=hard -nostartfiles -g -Wall -Wextra"
"Running Make include in ps7_cortexa9_0/libsrc/ddrps_v1_0/src"
D:/Vivado/SDK/2018.2/gnuwin/bin/make -C ps7_cortexa9_0/libsrc/ddrps_v1_0/src -s include  "SHELL=CMD" "COMPILER=arm-none-eabi-gcc" "ARCHIVER=arm-none-eabi-ar" "COMPILER_FLAGS=  -O2 -c" "EXTRA_COMPILER_FLAGS=-mcpu=cortex-a9 -mfpu=vfpv3 -mfloat-abi=hard -nostartfiles -g -Wall -Wextra"
"Running Make include in ps7_cortexa9_0/libsrc/devcfg_v3_5/src"
D:/Vivado/SDK/2018.2/gnuwin/bin/make -C ps7_cortexa9_0/libsrc/devcfg_v3_5/src -s include  "SHELL=CMD" "COMPILER=arm-none-eabi-gcc" "ARCHIVER=arm-none-eabi-ar" "COMPILER_FLAGS=  -O2 -c" "EXTRA_COMPILER_FLAGS=-mcpu=cortex-a9 -mfpu=vfpv3 -mfloat-abi=hard -nostartfiles -g -Wall -Wextra"
"Running Make include in ps7_cortexa9_0/libsrc/dmaps_v2_3/src"
D:/Vivado/SDK/2018.2/gnuwin/bin/make -C ps7_cortexa9_0/libsrc/dmaps_v2_3/src -s include  "SHELL=CMD" "COMPILER=arm-none-eabi-gcc" "ARCHIVER=arm-none-eabi-ar" "COMPILER_FLAGS=  -O2 -c" "EXTRA_COMPILER_FLAGS=-mcpu=cortex-a9 -mfpu=vfpv3 -mfloat-abi=hard -nostartfiles -g -Wall -Wextra"
"Running Make include in ps7_cortexa9_0/libsrc/fir_v1_0/src"
D:/Vivado/SDK/2018.2/gnuwin/bin/make -C ps7_cortexa9_0/libsrc/fir_v1_0/src -s include  "SHELL=CMD" "COMPILER=arm-none-eabi-gcc" "ARCHIVER=arm-none-eabi-ar" "COMPILER_FLAGS=  -O2 -c" "EXTRA_COMPILER_FLAGS=-mcpu=cortex-a9 -mfpu=vfpv3 -mfloat-abi=hard -nostartfiles -g -Wall -Wextra"
"Running Make include in ps7_cortexa9_0/libsrc/gpio_v4_3/src"
D:/Vivado/SDK/2018.2/gnuwin/bin/make -C ps7_cortexa9_0/libsrc/gpio_v4_3/src -s include  "SHELL=CMD" "COMPILER=arm-none-eabi-gcc" "ARCHIVER=arm-none-eabi-ar" "COMPILER_FLAGS=  -O2 -c" "EXTRA_COMPILER_FLAGS=-mcpu=cortex-a9 -mfpu=vfpv3 -mfloat-abi=hard -nostartfiles -g -Wall -Wextra"
"Running Make include in ps7_cortexa9_0/libsrc/iicps_v3_7/src"
D:/Vivado/SDK/2018.2/gnuwin/bin/make -C ps7_cortexa9_0/libsrc/iicps_v3_7/src -s include  "SHELL=CMD" "COMPILER=arm-none-eabi-gcc" "ARCHIVER=arm-none-eabi-ar" "COMPILER_FLAGS=  -O2 -c" "EXTRA_COMPILER_FLAGS=-mcpu=cortex-a9 -mfpu=vfpv3 -mfloat-abi=hard -nostartfiles -g -Wall -Wextra"
"Running Make include in ps7_cortexa9_0/libsrc/qspips_v3_4/src"
D:/Vivado/SDK/2018.2/gnuwin/bin/make -C ps7_cortexa9_0/libsrc/qspips_v3_4/src -s include  "SHELL=CMD" "COMPILER=arm-none-eabi-gcc" "ARCHIVER=arm-none-eabi-ar" "COMPILER_FLAGS=  -O2 -c" "EXTRA_COMPILER_FLAGS=-mcpu=cortex-a9 -mfpu=vfpv3 -mfloat-abi=hard -nostartfiles -g -Wall -Wextra"
"Running Make include in ps7_cortexa9_0/libsrc/scugic_v3_9/src"
D:/Vivado/SDK/2018.2/gnuwin/bin/make -C ps7_cortexa9_0/libsrc/scugic_v3_9/src -s include  "SHELL=CMD" "COMPILER=arm-none-eabi-gcc" "ARCHIVER=arm-none-eabi-ar" "COMPILER_FLAGS=  -O2 -c" "EXTRA_COMPILER_FLAGS=-mcpu=cortex-a9 -mfpu=vfpv3 -mfloat-abi=hard -nostartfiles -g -Wall -Wextra"
"Running Make include in ps7_cortexa9_0/libsrc/scutimer_v2_1/src"
D:/Vivado/SDK/2018.2/gnuwin/bin/make -C ps7_cortexa9_0/libsrc/scutimer_v2_1/src -s include  "SHELL=CMD" "COMPILER=arm-none-eabi-gcc" "ARCHIVER=arm-none-eabi-ar" "COMPILER_FLAGS=  -O2 -c" "EXTRA_COMPILER_FLAGS=-mcpu=cortex-a9 -mfpu=vfpv3 -mfloat-abi=hard -nostartfiles -g -Wall -Wextra"
"Running Make include in ps7_cortexa9_0/libsrc/scuwdt_v2_1/src"
D:/Vivado/SDK/2018.2/gnuwin/bin/make -C ps7_cortexa9_0/libsrc/scuwdt_v2_1/src -s include  "SHELL=CMD" "COMPILER=arm-none-eabi-gcc" "ARCHIVER=arm-none-eabi-ar" "COMPILER_FLAGS=  -O2 -c" "EXTRA_COMPILER_FLAGS=-mcpu=cortex-a9 -mfpu=vfpv3 -mfloat-abi=hard -nostartfiles -g -Wall -Wextra"
"Running Make include in ps7_cortexa9_0/libsrc/standalone_v6_7/src"
D:/Vivado/SDK/2018.2/gnuwin/bin/make -C ps7_cortexa9_0/libsrc/standalone_v6_7/src -s include  "SHELL=CMD" "COMPILER=arm-none-eabi-gcc" "ARCHIVER=arm-none-eabi-ar" "COMPILER_FLAGS=  -O2 -c" "EXTRA_COMPILER_FLAGS=-mcpu=cortex-a9 -mfpu=vfpv3 -mfloat-abi=hard -nostartfiles -g -Wall -Wextra"
"Running Make include in ps7_cortexa9_0/libsrc/uartps_v3_6/src"
D:/Vivado/SDK/2018.2/gnuwin/bin/make -C ps7_cortexa9_0/libsrc/uartps_v3_6/src -s include  "SHELL=CMD" "COMPILER=arm-none-eabi-gcc" "ARCHIVER=arm-none-eabi-ar" "COMPILER_FLAGS=  -O2 -c" "EXTRA_COMPILER_FLAGS=-mcpu=cortex-a9 -mfpu=vfpv3 -mfloat-abi=hard -nostartfiles -g -Wall -Wextra"
"Running Make include in ps7_cortexa9_0/libsrc/xadcps_v2_2/src"
D:/Vivado/SDK/2018.2/gnuwin/bin/make -C ps7_cortexa9_0/libsrc/xadcps_v2_2/src -s include  "SHELL=CMD" "COMPILER=arm-none-eabi-gcc" "ARCHIVER=arm-none-eabi-ar" "COMPILER_FLAGS=  -O2 -c" "EXTRA_COMPILER_FLAGS=-mcpu=cortex-a9 -mfpu=vfpv3 -mfloat-abi=hard -nostartfiles -g -Wall -Wextra"
"Running Make libs in ps7_cortexa9_0/libsrc/coresightps_dcc_v1_4/src"
D:/Vivado/SDK/2018.2/gnuwin/bin/make -C ps7_cortexa9_0/libsrc/coresightps_dcc_v1_4/src -s libs  "SHELL=CMD" "COMPILER=arm-none-eabi-gcc" "ARCHIVER=arm-none-eabi-ar" "COMPILER_FLAGS=  -O2 -c" "EXTRA_COMPILER_FLAGS=-mcpu=cortex-a9 -mfpu=vfpv3 -mfloat-abi=hard -nostartfiles -g -Wall -Wextra"
"Compiling coresightps_dcc"
arm-none-eabi-ar: creating ../../../lib/libxil.a
"Running Make libs in ps7_cortexa9_0/libsrc/cpu_cortexa9_v2_6/src"
D:/Vivado/SDK/2018.2/gnuwin/bin/make -C ps7_cortexa9_0/libsrc/cpu_cortexa9_v2_6/src -s libs  "SHELL=CMD" "COMPILER=arm-none-eabi-gcc" "ARCHIVER=arm-none-eabi-ar" "COMPILER_FLAGS=  -O2 -c" "EXTRA_COMPILER_FLAGS=-mcpu=cortex-a9 -mfpu=vfpv3 -mfloat-abi=hard -nostartfiles -g -Wall -Wextra"
"Compiling cpu_cortexa9"
"Running Make libs in ps7_cortexa9_0/libsrc/ddrps_v1_0/src"
D:/Vivado/SDK/2018.2/gnuwin/bin/make -C ps7_cortexa9_0/libsrc/ddrps_v1_0/src -s libs  "SHELL=CMD" "COMPILER=arm-none-eabi-gcc" "ARCHIVER=arm-none-eabi-ar" "COMPILER_FLAGS=  -O2 -c" "EXTRA_COMPILER_FLAGS=-mcpu=cortex-a9 -mfpu=vfpv3 -mfloat-abi=hard -nostartfiles -g -Wall -Wextra"
"Compiling ddrps"
"Running Make libs in ps7_cortexa9_0/libsrc/devcfg_v3_5/src"
D:/Vivado/SDK/2018.2/gnuwin/bin/make -C ps7_cortexa9_0/libsrc/devcfg_v3_5/src -s libs  "SHELL=CMD" "COMPILER=arm-none-eabi-gcc" "ARCHIVER=arm-none-eabi-ar" "COMPILER_FLAGS=  -O2 -c" "EXTRA_COMPILER_FLAGS=-mcpu=cortex-a9 -mfpu=vfpv3 -mfloat-abi=hard -nostartfiles -g -Wall -Wextra"
"Compiling devcfg"
"Running Make libs in ps7_cortexa9_0/libsrc/dmaps_v2_3/src"
D:/Vivado/SDK/2018.2/gnuwin/bin/make -C ps7_cortexa9_0/libsrc/dmaps_v2_3/src -s libs  "SHELL=CMD" "COMPILER=arm-none-eabi-gcc" "ARCHIVER=arm-none-eabi-ar" "COMPILER_FLAGS=  -O2 -c" "EXTRA_COMPILER_FLAGS=-mcpu=cortex-a9 -mfpu=vfpv3 -mfloat-abi=hard -nostartfiles -g -Wall -Wextra"
"Compiling dmaps"
"Running Make libs in ps7_cortexa9_0/libsrc/fir_v1_0/src"
D:/Vivado/SDK/2018.2/gnuwin/bin/make -C ps7_cortexa9_0/libsrc/fir_v1_0/src -s libs  "SHELL=CMD" "COMPILER=arm-none-eabi-gcc" "ARCHIVER=arm-none-eabi-ar" "COMPILER_FLAGS=  -O2 -c" "EXTRA_COMPILER_FLAGS=-mcpu=cortex-a9 -mfpu=vfpv3 -mfloat-abi=hard -nostartfiles -g -Wall -Wextra"
"Compiling fir"
"Running Make libs in ps7_cortexa9_0/libsrc/gpio_v4_3/src"
D:/Vivado/SDK/2018.2/gnuwin/bin/make -C ps7_cortexa9_0/libsrc/gpio_v4_3/src -s libs  "SHELL=CMD" "COMPILER=arm-none-eabi-gcc" "ARCHIVER=arm-none-eabi-ar" "COMPILER_FLAGS=  -O2 -c" "EXTRA_COMPILER_FLAGS=-mcpu=cortex-a9 -mfpu=vfpv3 -mfloat-abi=hard -nostartfiles -g -Wall -Wextra"
"Compiling gpio"
"Running Make libs in ps7_cortexa9_0/libsrc/iicps_v3_7/src"
D:/Vivado/SDK/2018.2/gnuwin/bin/make -C ps7_cortexa9_0/libsrc/iicps_v3_7/src -s libs  "SHELL=CMD" "COMPILER=arm-none-eabi-gcc" "ARCHIVER=arm-none-eabi-ar" "COMPILER_FLAGS=  -O2 -c" "EXTRA_COMPILER_FLAGS=-mcpu=cortex-a9 -mfpu=vfpv3 -mfloat-abi=hard -nostartfiles -g -Wall -Wextra"
"Compiling iicps"
"Running Make libs in ps7_cortexa9_0/libsrc/qspips_v3_4/src"
D:/Vivado/SDK/2018.2/gnuwin/bin/make -C ps7_cortexa9_0/libsrc/qspips_v3_4/src -s libs  "SHELL=CMD" "COMPILER=arm-none-eabi-gcc" "ARCHIVER=arm-none-eabi-ar" "COMPILER_FLAGS=  -O2 -c" "EXTRA_COMPILER_FLAGS=-mcpu=cortex-a9 -mfpu=vfpv3 -mfloat-abi=hard -nostartfiles -g -Wall -Wextra"
"Compiling qspips"
"Running Make libs in ps7_cortexa9_0/libsrc/scugic_v3_9/src"
D:/Vivado/SDK/2018.2/gnuwin/bin/make -C ps7_cortexa9_0/libsrc/scugic_v3_9/src -s libs  "SHELL=CMD" "COMPILER=arm-none-eabi-gcc" "ARCHIVER=arm-none-eabi-ar" "COMPILER_FLAGS=  -O2 -c" "EXTRA_COMPILER_FLAGS=-mcpu=cortex-a9 -mfpu=vfpv3 -mfloat-abi=hard -nostartfiles -g -Wall -Wextra"
"Compiling scugic"
"Running Make libs in ps7_cortexa9_0/libsrc/scutimer_v2_1/src"
D:/Vivado/SDK/2018.2/gnuwin/bin/make -C ps7_cortexa9_0/libsrc/scutimer_v2_1/src -s libs  "SHELL=CMD" "COMPILER=arm-none-eabi-gcc" "ARCHIVER=arm-none-eabi-ar" "COMPILER_FLAGS=  -O2 -c" "EXTRA_COMPILER_FLAGS=-mcpu=cortex-a9 -mfpu=vfpv3 -mfloat-abi=hard -nostartfiles -g -Wall -Wextra"
"Compiling scutimer"
"Running Make libs in ps7_cortexa9_0/libsrc/scuwdt_v2_1/src"
D:/Vivado/SDK/2018.2/gnuwin/bin/make -C ps7_cortexa9_0/libsrc/scuwdt_v2_1/src -s libs  "SHELL=CMD" "COMPILER=arm-none-eabi-gcc" "ARCHIVER=arm-none-eabi-ar" "COMPILER_FLAGS=  -O2 -c" "EXTRA_COMPILER_FLAGS=-mcpu=cortex-a9 -mfpu=vfpv3 -mfloat-abi=hard -nostartfiles -g -Wall -Wextra"
"Compiling scuwdt"
"Running Make libs in ps7_cortexa9_0/libsrc/standalone_v6_7/src"
D:/Vivado/SDK/2018.2/gnuwin/bin/make -C ps7_cortexa9_0/libsrc/standalone_v6_7/src -s libs  "SHELL=CMD" "COMPILER=arm-none-eabi-gcc" "ARCHIVER=arm-none-eabi-ar" "COMPILER_FLAGS=  -O2 -c" "EXTRA_COMPILER_FLAGS=-mcpu=cortex-a9 -mfpu=vfpv3 -mfloat-abi=hard -nostartfiles -g -Wall -Wextra"
"Compiling standalone"
In file included from sleep.c:57:0:
xtime_l.h:89:9: note: #pragma message: For the sleep routines, Global timer is being used
 #pragma message ("For the sleep routines, Global timer is being used")
         ^~~~~~~
In file included from usleep.c:60:0:
xtime_l.h:89:9: note: #pragma message: For the sleep routines, Global timer is being used
 #pragma message ("For the sleep routines, Global timer is being used")
         ^~~~~~~
In file included from xil_sleeptimer.c:55:0:
xtime_l.h:89:9: note: #pragma message: For the sleep routines, Global timer is being used
 #pragma message ("For the sleep routines, Global timer is being used")
         ^~~~~~~
In file included from xtime_l.c:53:0:
xtime_l.h:89:9: note: #pragma message: For the sleep routines, Global timer is being used
 #pragma message ("For the sleep routines, Global timer is being used")
         ^~~~~~~
"Running Make libs in ps7_cortexa9_0/libsrc/uartps_v3_6/src"
D:/Vivado/SDK/2018.2/gnuwin/bin/make -C ps7_cortexa9_0/libsrc/uartps_v3_6/src -s libs  "SHELL=CMD" "COMPILER=arm-none-eabi-gcc" "ARCHIVER=arm-none-eabi-ar" "COMPILER_FLAGS=  -O2 -c" "EXTRA_COMPILER_FLAGS=-mcpu=cortex-a9 -mfpu=vfpv3 -mfloat-abi=hard -nostartfiles -g -Wall -Wextra"
"Compiling uartps"
"Running Make libs in ps7_cortexa9_0/libsrc/xadcps_v2_2/src"
D:/Vivado/SDK/2018.2/gnuwin/bin/make -C ps7_cortexa9_0/libsrc/xadcps_v2_2/src -s libs  "SHELL=CMD" "COMPILER=arm-none-eabi-gcc" "ARCHIVER=arm-none-eabi-ar" "COMPILER_FLAGS=  -O2 -c" "EXTRA_COMPILER_FLAGS=-mcpu=cortex-a9 -mfpu=vfpv3 -mfloat-abi=hard -nostartfiles -g -Wall -Wextra"
"Compiling xadcps"
'Finished building libraries'

**** Build of configuration Debug for project TestAPP ****

Nothing to build for project TestAPP
10:33:15 **** Auto Build of configuration Debug for project TestAPP ****
make pre-build main-build 
a9-linaro-pre-build-step
 
Building file: ../src/pynq_z2_testapp.c
Invoking: ARM v7 gcc compiler
arm-none-eabi-gcc -Wall -O0 -g3 -c -fmessage-length=0 -MT"src/pynq_z2_testapp.o" -mcpu=cortex-a9 -mfpu=vfpv3 -mfloat-abi=hard -I../../standalone_bsp_0/ps7_cortexa9_0/include -MMD -MP -MF"src/pynq_z2_testapp.d" -MT"src/pynq_z2_testapp.o" -o "src/pynq_z2_testapp.o" "../src/pynq_z2_testapp.c"
../src/pynq_z2_testapp.c: In function 'hls_fir_init':
../src/pynq_z2_testapp.c:38:36: error: 'XPAR_FIR_LEFT_DEVICE_ID' undeclared (first use in this function); did you mean 'XPAR_FIR_LEFT1_DEVICE_ID'?
    cfgPtr_left = XFir_LookupConfig(XPAR_FIR_LEFT_DEVICE_ID);
                                    ^~~~~~~~~~~~~~~~~~~~~~~
                                    XPAR_FIR_LEFT1_DEVICE_ID
../src/pynq_z2_testapp.c:38:36: note: each undeclared identifier is reported only once for each function it appears in
../src/pynq_z2_testapp.c: In function 'setup_interrupt':
../src/pynq_z2_testapp.c:108:38: error: 'XPAR_FABRIC_FIR_LEFT_INTERRUPT_INTR' undeclared (first use in this function); did you mean 'XPAR_FABRIC_FIR_LEFT1_INTERRUPT_INTR'?
     result = XScuGic_Connect(&ScuGic,XPAR_FABRIC_FIR_LEFT_INTERRUPT_INTR,(Xil_InterruptHandler)hls_fir_left_isr,&HlsFir_left);
                                      ^~~~~~~~~~~~~~~~~~~~~~~~~~~~~~~~~~~
                                      XPAR_FABRIC_FIR_LEFT1_INTERRUPT_INTR
../src/pynq_z2_testapp.c: In function 'filter_or_bypass_input':
../src/pynq_z2_testapp.c:157:7: warning: this 'while' clause does not guard... [-Wmisleading-indentation]
       while(!ResultAvailHlsFir_right);
       ^~~~~
../src/pynq_z2_testapp.c:158:4: note: ...this statement, but the latter is misleadingly indented as if it were guarded by the 'while'
    u32DataR = XFir_Get_y(&HlsFir_right);
    ^~~~~~~~
make: *** [src/pynq_z2_testapp.o] ´íÎó 1
10:33:24 **** Clean-only build of configuration Debug for project TestAPP ****
make clean 
rm -rf  ./src/pynq_z2_testapp.o  ./src/pynq_z2_testapp.d  TestAPP.elf.size  TestAPP.elf
 
10:33:24 **** Auto Build of configuration Debug for project TestAPP ****
make pre-build main-build 
a9-linaro-pre-build-step
 
Building file: ../src/pynq_z2_testapp.c
Invoking: ARM v7 gcc compiler
arm-none-eabi-gcc -Wall -O0 -g3 -c -fmessage-length=0 -MT"src/pynq_z2_testapp.o" -mcpu=cortex-a9 -mfpu=vfpv3 -mfloat-abi=hard -I../../standalone_bsp_0/ps7_cortexa9_0/include -MMD -MP -MF"src/pynq_z2_testapp.d" -MT"src/pynq_z2_testapp.o" -o "src/pynq_z2_testapp.o" "../src/pynq_z2_testapp.c"
../src/pynq_z2_testapp.c:2:10: fatal error: pynq_z2_audio.h: No such file or directory
 #include "pynq_z2_audio.h"
          ^~~~~~~~~~~~~~~~~
compilation terminated.
make: *** [src/pynq_z2_testapp.o] ´íÎó 1
10:33:50 **** Auto Build of configuration Debug for project TestAPP ****
make pre-build main-build 
a9-linaro-pre-build-step
 
Building file: ../src/pynq_z2_testapp.c
Invoking: ARM v7 gcc compiler
arm-none-eabi-gcc -Wall -O0 -g3 -c -fmessage-length=0 -MT"src/pynq_z2_testapp.o" -mcpu=cortex-a9 -mfpu=vfpv3 -mfloat-abi=hard -I../../standalone_bsp_0/ps7_cortexa9_0/include -MMD -MP -MF"src/pynq_z2_testapp.d" -MT"src/pynq_z2_testapp.o" -o "src/pynq_z2_testapp.o" "../src/pynq_z2_testapp.c"
../src/pynq_z2_testapp.c: In function 'hls_fir_init':
../src/pynq_z2_testapp.c:38:36: error: 'XPAR_FIR_LEFT_DEVICE_ID' undeclared (first use in this function); did you mean 'XPAR_FIR_LEFT1_DEVICE_ID'?
    cfgPtr_left = XFir_LookupConfig(XPAR_FIR_LEFT_DEVICE_ID);
                                    ^~~~~~~~~~~~~~~~~~~~~~~
                                    XPAR_FIR_LEFT1_DEVICE_ID
../src/pynq_z2_testapp.c:38:36: note: each undeclared identifier is reported only once for each function it appears in
../src/pynq_z2_testapp.c: In function 'setup_interrupt':
../src/pynq_z2_testapp.c:108:38: error: 'XPAR_FABRIC_FIR_LEFT_INTERRUPT_INTR' undeclared (first use in this function); did you mean 'XPAR_FABRIC_FIR_LEFT1_INTERRUPT_INTR'?
     result = XScuGic_Connect(&ScuGic,XPAR_FABRIC_FIR_LEFT_INTERRUPT_INTR,(Xil_InterruptHandler)hls_fir_left_isr,&HlsFir_left);
                                      ^~~~~~~~~~~~~~~~~~~~~~~~~~~~~~~~~~~
                                      XPAR_FABRIC_FIR_LEFT1_INTERRUPT_INTR
../src/pynq_z2_testapp.c: In function 'filter_or_bypass_input':
../src/pynq_z2_testapp.c:157:7: warning: this 'while' clause does not guard... [-Wmisleading-indentation]
       while(!ResultAvailHlsFir_right);
       ^~~~~
../src/pynq_z2_testapp.c:158:4: note: ...this statement, but the latter is misleadingly indented as if it were guarded by the 'while'
    u32DataR = XFir_Get_y(&HlsFir_right);
    ^~~~~~~~
make: *** [src/pynq_z2_testapp.o] ´íÎó 1
10:36:04 **** Auto Build of configuration Debug for project TestAPP ****
make pre-build main-build 
a9-linaro-pre-build-step
 
Building file: ../src/pynq_z2_testapp.c
Invoking: ARM v7 gcc compiler
arm-none-eabi-gcc -Wall -O0 -g3 -c -fmessage-length=0 -MT"src/pynq_z2_testapp.o" -mcpu=cortex-a9 -mfpu=vfpv3 -mfloat-abi=hard -I../../standalone_bsp_0/ps7_cortexa9_0/include -MMD -MP -MF"src/pynq_z2_testapp.d" -MT"src/pynq_z2_testapp.o" -o "src/pynq_z2_testapp.o" "../src/pynq_z2_testapp.c"
../src/pynq_z2_testapp.c: In function 'setup_interrupt':
../src/pynq_z2_testapp.c:108:38: error: 'XPAR_FABRIC_FIR_LEFT_INTERRUPT_INTR' undeclared (first use in this function); did you mean 'XPAR_FABRIC_FIR_LEFT1_INTERRUPT_INTR'?
     result = XScuGic_Connect(&ScuGic,XPAR_FABRIC_FIR_LEFT_INTERRUPT_INTR,(Xil_InterruptHandler)hls_fir_left_isr,&HlsFir_left);
                                      ^~~~~~~~~~~~~~~~~~~~~~~~~~~~~~~~~~~
                                      XPAR_FABRIC_FIR_LEFT1_INTERRUPT_INTR
../src/pynq_z2_testapp.c:108:38: note: each undeclared identifier is reported only once for each function it appears in
../src/pynq_z2_testapp.c: In function 'filter_or_bypass_input':
../src/pynq_z2_testapp.c:157:7: warning: this 'while' clause does not guard... [-Wmisleading-indentation]
       while(!ResultAvailHlsFir_right);
       ^~~~~
../src/pynq_z2_testapp.c:158:4: note: ...this statement, but the latter is misleadingly indented as if it were guarded by the 'while'
    u32DataR = XFir_Get_y(&HlsFir_right);
    ^~~~~~~~
make: *** [src/pynq_z2_testapp.o] ´íÎó 1
10:36:13 **** Auto Build of configuration Debug for project TestAPP ****
make pre-build main-build 
a9-linaro-pre-build-step
 
Building file: ../src/pynq_z2_testapp.c
Invoking: ARM v7 gcc compiler
arm-none-eabi-gcc -Wall -O0 -g3 -c -fmessage-length=0 -MT"src/pynq_z2_testapp.o" -mcpu=cortex-a9 -mfpu=vfpv3 -mfloat-abi=hard -I../../standalone_bsp_0/ps7_cortexa9_0/include -MMD -MP -MF"src/pynq_z2_testapp.d" -MT"src/pynq_z2_testapp.o" -o "src/pynq_z2_testapp.o" "../src/pynq_z2_testapp.c"
../src/pynq_z2_testapp.c: In function 'setup_interrupt':
../src/pynq_z2_testapp.c:118:28: error: 'XPAR_FABRIC_FIR_LEFT_INTERRUPT_INTR' undeclared (first use in this function); did you mean 'XPAR_FABRIC_FIR_LEFT1_INTERRUPT_INTR'?
     XScuGic_Enable(&ScuGic,XPAR_FABRIC_FIR_LEFT_INTERRUPT_INTR);
                            ^~~~~~~~~~~~~~~~~~~~~~~~~~~~~~~~~~~
                            XPAR_FABRIC_FIR_LEFT1_INTERRUPT_INTR
../src/pynq_z2_testapp.c:118:28: note: each undeclared identifier is reported only once for each function it appears in
../src/pynq_z2_testapp.c: In function 'filter_or_bypass_input':
../src/pynq_z2_testapp.c:157:7: warning: this 'while' clause does not guard... [-Wmisleading-indentation]
       while(!ResultAvailHlsFir_right);
       ^~~~~
../src/pynq_z2_testapp.c:158:4: note: ...this statement, but the latter is misleadingly indented as if it were guarded by the 'while'
    u32DataR = XFir_Get_y(&HlsFir_right);
    ^~~~~~~~
make: *** [src/pynq_z2_testapp.o] ´íÎó 1
10:36:22 **** Auto Build of configuration Debug for project TestAPP ****
make pre-build main-build 
a9-linaro-pre-build-step
 
Building file: ../src/pynq_z2_testapp.c
Invoking: ARM v7 gcc compiler
arm-none-eabi-gcc -Wall -O0 -g3 -c -fmessage-length=0 -MT"src/pynq_z2_testapp.o" -mcpu=cortex-a9 -mfpu=vfpv3 -mfloat-abi=hard -I../../standalone_bsp_0/ps7_cortexa9_0/include -MMD -MP -MF"src/pynq_z2_testapp.d" -MT"src/pynq_z2_testapp.o" -o "src/pynq_z2_testapp.o" "../src/pynq_z2_testapp.c"
../src/pynq_z2_testapp.c: In function 'filter_or_bypass_input':
../src/pynq_z2_testapp.c:157:7: warning: this 'while' clause does not guard... [-Wmisleading-indentation]
       while(!ResultAvailHlsFir_right);
       ^~~~~
../src/pynq_z2_testapp.c:158:4: note: ...this statement, but the latter is misleadingly indented as if it were guarded by the 'while'
    u32DataR = XFir_Get_y(&HlsFir_right);
    ^~~~~~~~
Finished building: ../src/pynq_z2_testapp.c
 
Building target: TestAPP.elf
Invoking: ARM v7 gcc linker
arm-none-eabi-gcc -mcpu=cortex-a9 -mfpu=vfpv3 -mfloat-abi=hard -Wl,-build-id=none -specs=Xilinx.spec -Wl,-T -Wl,../src/lscript.ld -L../../standalone_bsp_0/ps7_cortexa9_0/lib -o "TestAPP.elf"  ./src/pynq_z2_testapp.o   -Wl,--start-group,-lxil,-lgcc,-lc,--end-group
Finished building target: TestAPP.elf
 
Invoking: ARM v7 Print Size
arm-none-eabi-size TestAPP.elf  |tee "TestAPP.elf.size"
   text	   data	    bss	    dec	    hex	filename
  35944	   2752	  22680	  61376	   efc0	TestAPP.elf
Finished building: TestAPP.elf.size
 
10:39:24 **** Incremental Build of configuration Debug for project TestAPP ****
make pre-build main-build 
a9-linaro-pre-build-step
 
make: Nothing to be done for `main-build'.
11:12:23 **** Incremental Build of configuration Debug for project TestAPP ****
make pre-build main-build 
a9-linaro-pre-build-step
 
make: Nothing to be done for `main-build'.
11:16:47 **** Clean-only build of project standalone_bsp_0 ****
make -k clean 
D:/Vivado/SDK/2018.2/gnuwin/bin/make -C ps7_cortexa9_0/libsrc/coresightps_dcc_v1_4/src -s clean 
D:/Vivado/SDK/2018.2/gnuwin/bin/make -C ps7_cortexa9_0/libsrc/cpu_cortexa9_v2_6/src -s clean 
D:/Vivado/SDK/2018.2/gnuwin/bin/make -C ps7_cortexa9_0/libsrc/ddrps_v1_0/src -s clean 
D:/Vivado/SDK/2018.2/gnuwin/bin/make -C ps7_cortexa9_0/libsrc/devcfg_v3_5/src -s clean 
D:/Vivado/SDK/2018.2/gnuwin/bin/make -C ps7_cortexa9_0/libsrc/dmaps_v2_3/src -s clean 
D:/Vivado/SDK/2018.2/gnuwin/bin/make -C ps7_cortexa9_0/libsrc/fir_v1_0/src -s clean 
D:\Vivado\SDK\2018.2\gnuwin\bin\rm.exe: lstat¡®*.o¡¯Ê§°Ü: Invalid argument
make[1]: *** [clean] ´íÎó 1
make: *** [ps7_cortexa9_0/libsrc/fir_v1_0/src/make.clean] ´íÎó 2
D:/Vivado/SDK/2018.2/gnuwin/bin/make -C ps7_cortexa9_0/libsrc/gpio_v4_3/src -s clean 
D:/Vivado/SDK/2018.2/gnuwin/bin/make -C ps7_cortexa9_0/libsrc/iicps_v3_7/src -s clean 
D:/Vivado/SDK/2018.2/gnuwin/bin/make -C ps7_cortexa9_0/libsrc/qspips_v3_4/src -s clean 
D:/Vivado/SDK/2018.2/gnuwin/bin/make -C ps7_cortexa9_0/libsrc/scugic_v3_9/src -s clean 
D:/Vivado/SDK/2018.2/gnuwin/bin/make -C ps7_cortexa9_0/libsrc/scutimer_v2_1/src -s clean 
D:/Vivado/SDK/2018.2/gnuwin/bin/make -C ps7_cortexa9_0/libsrc/scuwdt_v2_1/src -s clean 
D:/Vivado/SDK/2018.2/gnuwin/bin/make -C ps7_cortexa9_0/libsrc/standalone_v6_7/src -s clean 
D:/Vivado/SDK/2018.2/gnuwin/bin/make -C ps7_cortexa9_0/libsrc/uartps_v3_6/src -s clean 
D:/Vivado/SDK/2018.2/gnuwin/bin/make -C ps7_cortexa9_0/libsrc/xadcps_v2_2/src -s clean 
make: ÓÉÓÚ´íÎóÄ¿±ê¡°clean¡±²¢Î´ÖØÐÂ´´½¨¡£
11:16:49 **** Clean-only build of configuration Debug for project TestAPP ****
make clean 
rm -rf  ./src/pynq_z2_testapp.o  ./src/pynq_z2_testapp.d  TestAPP.elf.size  TestAPP.elf
 
11:16:49 **** Build of project standalone_bsp_0 ****
make -k all 
"Running Make include in ps7_cortexa9_0/libsrc/coresightps_dcc_v1_4/src"
D:/Vivado/SDK/2018.2/gnuwin/bin/make -C ps7_cortexa9_0/libsrc/coresightps_dcc_v1_4/src -s include  "SHELL=CMD" "COMPILER=arm-none-eabi-gcc" "ARCHIVER=arm-none-eabi-ar" "COMPILER_FLAGS=  -O2 -c" "EXTRA_COMPILER_FLAGS=-mcpu=cortex-a9 -mfpu=vfpv3 -mfloat-abi=hard -nostartfiles -g -Wall -Wextra"
"Running Make include in ps7_cortexa9_0/libsrc/cpu_cortexa9_v2_6/src"
D:/Vivado/SDK/2018.2/gnuwin/bin/make -C ps7_cortexa9_0/libsrc/cpu_cortexa9_v2_6/src -s include  "SHELL=CMD" "COMPILER=arm-none-eabi-gcc" "ARCHIVER=arm-none-eabi-ar" "COMPILER_FLAGS=  -O2 -c" "EXTRA_COMPILER_FLAGS=-mcpu=cortex-a9 -mfpu=vfpv3 -mfloat-abi=hard -nostartfiles -g -Wall -Wextra"
"Running Make include in ps7_cortexa9_0/libsrc/ddrps_v1_0/src"
D:/Vivado/SDK/2018.2/gnuwin/bin/make -C ps7_cortexa9_0/libsrc/ddrps_v1_0/src -s include  "SHELL=CMD" "COMPILER=arm-none-eabi-gcc" "ARCHIVER=arm-none-eabi-ar" "COMPILER_FLAGS=  -O2 -c" "EXTRA_COMPILER_FLAGS=-mcpu=cortex-a9 -mfpu=vfpv3 -mfloat-abi=hard -nostartfiles -g -Wall -Wextra"
"Running Make include in ps7_cortexa9_0/libsrc/devcfg_v3_5/src"
D:/Vivado/SDK/2018.2/gnuwin/bin/make -C ps7_cortexa9_0/libsrc/devcfg_v3_5/src -s include  "SHELL=CMD" "COMPILER=arm-none-eabi-gcc" "ARCHIVER=arm-none-eabi-ar" "COMPILER_FLAGS=  -O2 -c" "EXTRA_COMPILER_FLAGS=-mcpu=cortex-a9 -mfpu=vfpv3 -mfloat-abi=hard -nostartfiles -g -Wall -Wextra"
"Running Make include in ps7_cortexa9_0/libsrc/dmaps_v2_3/src"
D:/Vivado/SDK/2018.2/gnuwin/bin/make -C ps7_cortexa9_0/libsrc/dmaps_v2_3/src -s include  "SHELL=CMD" "COMPILER=arm-none-eabi-gcc" "ARCHIVER=arm-none-eabi-ar" "COMPILER_FLAGS=  -O2 -c" "EXTRA_COMPILER_FLAGS=-mcpu=cortex-a9 -mfpu=vfpv3 -mfloat-abi=hard -nostartfiles -g -Wall -Wextra"
"Running Make include in ps7_cortexa9_0/libsrc/fir_v1_0/src"
D:/Vivado/SDK/2018.2/gnuwin/bin/make -C ps7_cortexa9_0/libsrc/fir_v1_0/src -s include  "SHELL=CMD" "COMPILER=arm-none-eabi-gcc" "ARCHIVER=arm-none-eabi-ar" "COMPILER_FLAGS=  -O2 -c" "EXTRA_COMPILER_FLAGS=-mcpu=cortex-a9 -mfpu=vfpv3 -mfloat-abi=hard -nostartfiles -g -Wall -Wextra"
"Running Make include in ps7_cortexa9_0/libsrc/gpio_v4_3/src"
D:/Vivado/SDK/2018.2/gnuwin/bin/make -C ps7_cortexa9_0/libsrc/gpio_v4_3/src -s include  "SHELL=CMD" "COMPILER=arm-none-eabi-gcc" "ARCHIVER=arm-none-eabi-ar" "COMPILER_FLAGS=  -O2 -c" "EXTRA_COMPILER_FLAGS=-mcpu=cortex-a9 -mfpu=vfpv3 -mfloat-abi=hard -nostartfiles -g -Wall -Wextra"
"Running Make include in ps7_cortexa9_0/libsrc/iicps_v3_7/src"
D:/Vivado/SDK/2018.2/gnuwin/bin/make -C ps7_cortexa9_0/libsrc/iicps_v3_7/src -s include  "SHELL=CMD" "COMPILER=arm-none-eabi-gcc" "ARCHIVER=arm-none-eabi-ar" "COMPILER_FLAGS=  -O2 -c" "EXTRA_COMPILER_FLAGS=-mcpu=cortex-a9 -mfpu=vfpv3 -mfloat-abi=hard -nostartfiles -g -Wall -Wextra"
"Running Make include in ps7_cortexa9_0/libsrc/qspips_v3_4/src"
D:/Vivado/SDK/2018.2/gnuwin/bin/make -C ps7_cortexa9_0/libsrc/qspips_v3_4/src -s include  "SHELL=CMD" "COMPILER=arm-none-eabi-gcc" "ARCHIVER=arm-none-eabi-ar" "COMPILER_FLAGS=  -O2 -c" "EXTRA_COMPILER_FLAGS=-mcpu=cortex-a9 -mfpu=vfpv3 -mfloat-abi=hard -nostartfiles -g -Wall -Wextra"
"Running Make include in ps7_cortexa9_0/libsrc/scugic_v3_9/src"
D:/Vivado/SDK/2018.2/gnuwin/bin/make -C ps7_cortexa9_0/libsrc/scugic_v3_9/src -s include  "SHELL=CMD" "COMPILER=arm-none-eabi-gcc" "ARCHIVER=arm-none-eabi-ar" "COMPILER_FLAGS=  -O2 -c" "EXTRA_COMPILER_FLAGS=-mcpu=cortex-a9 -mfpu=vfpv3 -mfloat-abi=hard -nostartfiles -g -Wall -Wextra"
"Running Make include in ps7_cortexa9_0/libsrc/scutimer_v2_1/src"
D:/Vivado/SDK/2018.2/gnuwin/bin/make -C ps7_cortexa9_0/libsrc/scutimer_v2_1/src -s include  "SHELL=CMD" "COMPILER=arm-none-eabi-gcc" "ARCHIVER=arm-none-eabi-ar" "COMPILER_FLAGS=  -O2 -c" "EXTRA_COMPILER_FLAGS=-mcpu=cortex-a9 -mfpu=vfpv3 -mfloat-abi=hard -nostartfiles -g -Wall -Wextra"
"Running Make include in ps7_cortexa9_0/libsrc/scuwdt_v2_1/src"
D:/Vivado/SDK/2018.2/gnuwin/bin/make -C ps7_cortexa9_0/libsrc/scuwdt_v2_1/src -s include  "SHELL=CMD" "COMPILER=arm-none-eabi-gcc" "ARCHIVER=arm-none-eabi-ar" "COMPILER_FLAGS=  -O2 -c" "EXTRA_COMPILER_FLAGS=-mcpu=cortex-a9 -mfpu=vfpv3 -mfloat-abi=hard -nostartfiles -g -Wall -Wextra"
"Running Make include in ps7_cortexa9_0/libsrc/standalone_v6_7/src"
D:/Vivado/SDK/2018.2/gnuwin/bin/make -C ps7_cortexa9_0/libsrc/standalone_v6_7/src -s include  "SHELL=CMD" "COMPILER=arm-none-eabi-gcc" "ARCHIVER=arm-none-eabi-ar" "COMPILER_FLAGS=  -O2 -c" "EXTRA_COMPILER_FLAGS=-mcpu=cortex-a9 -mfpu=vfpv3 -mfloat-abi=hard -nostartfiles -g -Wall -Wextra"
"Running Make include in ps7_cortexa9_0/libsrc/uartps_v3_6/src"
D:/Vivado/SDK/2018.2/gnuwin/bin/make -C ps7_cortexa9_0/libsrc/uartps_v3_6/src -s include  "SHELL=CMD" "COMPILER=arm-none-eabi-gcc" "ARCHIVER=arm-none-eabi-ar" "COMPILER_FLAGS=  -O2 -c" "EXTRA_COMPILER_FLAGS=-mcpu=cortex-a9 -mfpu=vfpv3 -mfloat-abi=hard -nostartfiles -g -Wall -Wextra"
"Running Make include in ps7_cortexa9_0/libsrc/xadcps_v2_2/src"
D:/Vivado/SDK/2018.2/gnuwin/bin/make -C ps7_cortexa9_0/libsrc/xadcps_v2_2/src -s include  "SHELL=CMD" "COMPILER=arm-none-eabi-gcc" "ARCHIVER=arm-none-eabi-ar" "COMPILER_FLAGS=  -O2 -c" "EXTRA_COMPILER_FLAGS=-mcpu=cortex-a9 -mfpu=vfpv3 -mfloat-abi=hard -nostartfiles -g -Wall -Wextra"
"Running Make libs in ps7_cortexa9_0/libsrc/coresightps_dcc_v1_4/src"
D:/Vivado/SDK/2018.2/gnuwin/bin/make -C ps7_cortexa9_0/libsrc/coresightps_dcc_v1_4/src -s libs  "SHELL=CMD" "COMPILER=arm-none-eabi-gcc" "ARCHIVER=arm-none-eabi-ar" "COMPILER_FLAGS=  -O2 -c" "EXTRA_COMPILER_FLAGS=-mcpu=cortex-a9 -mfpu=vfpv3 -mfloat-abi=hard -nostartfiles -g -Wall -Wextra"
"Compiling coresightps_dcc"
arm-none-eabi-ar: creating ../../../lib/libxil.a
"Running Make libs in ps7_cortexa9_0/libsrc/cpu_cortexa9_v2_6/src"
D:/Vivado/SDK/2018.2/gnuwin/bin/make -C ps7_cortexa9_0/libsrc/cpu_cortexa9_v2_6/src -s libs  "SHELL=CMD" "COMPILER=arm-none-eabi-gcc" "ARCHIVER=arm-none-eabi-ar" "COMPILER_FLAGS=  -O2 -c" "EXTRA_COMPILER_FLAGS=-mcpu=cortex-a9 -mfpu=vfpv3 -mfloat-abi=hard -nostartfiles -g -Wall -Wextra"
"Compiling cpu_cortexa9"
"Running Make libs in ps7_cortexa9_0/libsrc/ddrps_v1_0/src"
D:/Vivado/SDK/2018.2/gnuwin/bin/make -C ps7_cortexa9_0/libsrc/ddrps_v1_0/src -s libs  "SHELL=CMD" "COMPILER=arm-none-eabi-gcc" "ARCHIVER=arm-none-eabi-ar" "COMPILER_FLAGS=  -O2 -c" "EXTRA_COMPILER_FLAGS=-mcpu=cortex-a9 -mfpu=vfpv3 -mfloat-abi=hard -nostartfiles -g -Wall -Wextra"
"Compiling ddrps"
"Running Make libs in ps7_cortexa9_0/libsrc/devcfg_v3_5/src"
D:/Vivado/SDK/2018.2/gnuwin/bin/make -C ps7_cortexa9_0/libsrc/devcfg_v3_5/src -s libs  "SHELL=CMD" "COMPILER=arm-none-eabi-gcc" "ARCHIVER=arm-none-eabi-ar" "COMPILER_FLAGS=  -O2 -c" "EXTRA_COMPILER_FLAGS=-mcpu=cortex-a9 -mfpu=vfpv3 -mfloat-abi=hard -nostartfiles -g -Wall -Wextra"
"Compiling devcfg"
"Running Make libs in ps7_cortexa9_0/libsrc/dmaps_v2_3/src"
D:/Vivado/SDK/2018.2/gnuwin/bin/make -C ps7_cortexa9_0/libsrc/dmaps_v2_3/src -s libs  "SHELL=CMD" "COMPILER=arm-none-eabi-gcc" "ARCHIVER=arm-none-eabi-ar" "COMPILER_FLAGS=  -O2 -c" "EXTRA_COMPILER_FLAGS=-mcpu=cortex-a9 -mfpu=vfpv3 -mfloat-abi=hard -nostartfiles -g -Wall -Wextra"
"Compiling dmaps"
"Running Make libs in ps7_cortexa9_0/libsrc/fir_v1_0/src"
D:/Vivado/SDK/2018.2/gnuwin/bin/make -C ps7_cortexa9_0/libsrc/fir_v1_0/src -s libs  "SHELL=CMD" "COMPILER=arm-none-eabi-gcc" "ARCHIVER=arm-none-eabi-ar" "COMPILER_FLAGS=  -O2 -c" "EXTRA_COMPILER_FLAGS=-mcpu=cortex-a9 -mfpu=vfpv3 -mfloat-abi=hard -nostartfiles -g -Wall -Wextra"
"Compiling fir"
"Running Make libs in ps7_cortexa9_0/libsrc/gpio_v4_3/src"
D:/Vivado/SDK/2018.2/gnuwin/bin/make -C ps7_cortexa9_0/libsrc/gpio_v4_3/src -s libs  "SHELL=CMD" "COMPILER=arm-none-eabi-gcc" "ARCHIVER=arm-none-eabi-ar" "COMPILER_FLAGS=  -O2 -c" "EXTRA_COMPILER_FLAGS=-mcpu=cortex-a9 -mfpu=vfpv3 -mfloat-abi=hard -nostartfiles -g -Wall -Wextra"
"Compiling gpio"
"Running Make libs in ps7_cortexa9_0/libsrc/iicps_v3_7/src"
D:/Vivado/SDK/2018.2/gnuwin/bin/make -C ps7_cortexa9_0/libsrc/iicps_v3_7/src -s libs  "SHELL=CMD" "COMPILER=arm-none-eabi-gcc" "ARCHIVER=arm-none-eabi-ar" "COMPILER_FLAGS=  -O2 -c" "EXTRA_COMPILER_FLAGS=-mcpu=cortex-a9 -mfpu=vfpv3 -mfloat-abi=hard -nostartfiles -g -Wall -Wextra"
"Compiling iicps"
"Running Make libs in ps7_cortexa9_0/libsrc/qspips_v3_4/src"
D:/Vivado/SDK/2018.2/gnuwin/bin/make -C ps7_cortexa9_0/libsrc/qspips_v3_4/src -s libs  "SHELL=CMD" "COMPILER=arm-none-eabi-gcc" "ARCHIVER=arm-none-eabi-ar" "COMPILER_FLAGS=  -O2 -c" "EXTRA_COMPILER_FLAGS=-mcpu=cortex-a9 -mfpu=vfpv3 -mfloat-abi=hard -nostartfiles -g -Wall -Wextra"
"Compiling qspips"
"Running Make libs in ps7_cortexa9_0/libsrc/scugic_v3_9/src"
D:/Vivado/SDK/2018.2/gnuwin/bin/make -C ps7_cortexa9_0/libsrc/scugic_v3_9/src -s libs  "SHELL=CMD" "COMPILER=arm-none-eabi-gcc" "ARCHIVER=arm-none-eabi-ar" "COMPILER_FLAGS=  -O2 -c" "EXTRA_COMPILER_FLAGS=-mcpu=cortex-a9 -mfpu=vfpv3 -mfloat-abi=hard -nostartfiles -g -Wall -Wextra"
"Compiling scugic"
"Running Make libs in ps7_cortexa9_0/libsrc/scutimer_v2_1/src"
D:/Vivado/SDK/2018.2/gnuwin/bin/make -C ps7_cortexa9_0/libsrc/scutimer_v2_1/src -s libs  "SHELL=CMD" "COMPILER=arm-none-eabi-gcc" "ARCHIVER=arm-none-eabi-ar" "COMPILER_FLAGS=  -O2 -c" "EXTRA_COMPILER_FLAGS=-mcpu=cortex-a9 -mfpu=vfpv3 -mfloat-abi=hard -nostartfiles -g -Wall -Wextra"
"Compiling scutimer"
"Running Make libs in ps7_cortexa9_0/libsrc/scuwdt_v2_1/src"
D:/Vivado/SDK/2018.2/gnuwin/bin/make -C ps7_cortexa9_0/libsrc/scuwdt_v2_1/src -s libs  "SHELL=CMD" "COMPILER=arm-none-eabi-gcc" "ARCHIVER=arm-none-eabi-ar" "COMPILER_FLAGS=  -O2 -c" "EXTRA_COMPILER_FLAGS=-mcpu=cortex-a9 -mfpu=vfpv3 -mfloat-abi=hard -nostartfiles -g -Wall -Wextra"
"Compiling scuwdt"
"Running Make libs in ps7_cortexa9_0/libsrc/standalone_v6_7/src"
D:/Vivado/SDK/2018.2/gnuwin/bin/make -C ps7_cortexa9_0/libsrc/standalone_v6_7/src -s libs  "SHELL=CMD" "COMPILER=arm-none-eabi-gcc" "ARCHIVER=arm-none-eabi-ar" "COMPILER_FLAGS=  -O2 -c" "EXTRA_COMPILER_FLAGS=-mcpu=cortex-a9 -mfpu=vfpv3 -mfloat-abi=hard -nostartfiles -g -Wall -Wextra"
"Compiling standalone"
"Running Make libs in ps7_cortexa9_0/libsrc/uartps_v3_6/src"
D:/Vivado/SDK/2018.2/gnuwin/bin/make -C ps7_cortexa9_0/libsrc/uartps_v3_6/src -s libs  "SHELL=CMD" "COMPILER=arm-none-eabi-gcc" "ARCHIVER=arm-none-eabi-ar" "COMPILER_FLAGS=  -O2 -c" "EXTRA_COMPILER_FLAGS=-mcpu=cortex-a9 -mfpu=vfpv3 -mfloat-abi=hard -nostartfiles -g -Wall -Wextra"
"Compiling uartps"
"Running Make libs in ps7_cortexa9_0/libsrc/xadcps_v2_2/src"
D:/Vivado/SDK/2018.2/gnuwin/bin/make -C ps7_cortexa9_0/libsrc/xadcps_v2_2/src -s libs  "SHELL=CMD" "COMPILER=arm-none-eabi-gcc" "ARCHIVER=arm-none-eabi-ar" "COMPILER_FLAGS=  -O2 -c" "EXTRA_COMPILER_FLAGS=-mcpu=cortex-a9 -mfpu=vfpv3 -mfloat-abi=hard -nostartfiles -g -Wall -Wextra"
"Compiling xadcps"
'Finished building libraries'
11:17:07 **** Build of configuration Debug for project TestAPP ****
make pre-build main-build 
a9-linaro-pre-build-step
 
Building file: ../src/pynq_z2_testapp.c
Invoking: ARM v7 gcc compiler
arm-none-eabi-gcc -Wall -O0 -g3 -c -fmessage-length=0 -MT"src/pynq_z2_testapp.o" -mcpu=cortex-a9 -mfpu=vfpv3 -mfloat-abi=hard -I../../standalone_bsp_0/ps7_cortexa9_0/include -MMD -MP -MF"src/pynq_z2_testapp.d" -MT"src/pynq_z2_testapp.o" -o "src/pynq_z2_testapp.o" "../src/pynq_z2_testapp.c"
../src/pynq_z2_testapp.c: In function 'filter_or_bypass_input':
../src/pynq_z2_testapp.c:157:7: warning: this 'while' clause does not guard... [-Wmisleading-indentation]
       while(!ResultAvailHlsFir_right);
       ^~~~~
../src/pynq_z2_testapp.c:158:4: note: ...this statement, but the latter is misleadingly indented as if it were guarded by the 'while'
    u32DataR = XFir_Get_y(&HlsFir_right);
    ^~~~~~~~
Finished building: ../src/pynq_z2_testapp.c
 
Building target: TestAPP.elf
Invoking: ARM v7 gcc linker
arm-none-eabi-gcc -mcpu=cortex-a9 -mfpu=vfpv3 -mfloat-abi=hard -Wl,-build-id=none -specs=Xilinx.spec -Wl,-T -Wl,../src/lscript.ld -L../../standalone_bsp_0/ps7_cortexa9_0/lib -o "TestAPP.elf"  ./src/pynq_z2_testapp.o   -Wl,--start-group,-lxil,-lgcc,-lc,--end-group
Finished building target: TestAPP.elf
 
Invoking: ARM v7 Print Size
arm-none-eabi-size TestAPP.elf  |tee "TestAPP.elf.size"
   text	   data	    bss	    dec	    hex	filename
  35944	   2752	  22680	  61376	   efc0	TestAPP.elf
Finished building: TestAPP.elf.size
 
11:17:51 **** Incremental Build of configuration Debug for project TestAPP ****
make pre-build main-build 
a9-linaro-pre-build-step
 
make: Nothing to be done for `main-build'.
11:18:02 **** Incremental Build of configuration Debug for project TestAPP ****
make pre-build main-build 
a9-linaro-pre-build-step
 
make: Nothing to be done for `main-build'.
11:31:18 **** Auto Build of configuration Debug for project TestAPP ****
make pre-build main-build 
a9-linaro-pre-build-step
 
Building file: ../src/pynq_z2_testapp.c
Invoking: ARM v7 gcc compiler
arm-none-eabi-gcc -Wall -O0 -g3 -c -fmessage-length=0 -MT"src/pynq_z2_testapp.o" -mcpu=cortex-a9 -mfpu=vfpv3 -mfloat-abi=hard -I../../standalone_bsp_0/ps7_cortexa9_0/include -MMD -MP -MF"src/pynq_z2_testapp.d" -MT"src/pynq_z2_testapp.o" -o "src/pynq_z2_testapp.o" "../src/pynq_z2_testapp.c"
../src/pynq_z2_testapp.c: In function 'filter_or_bypass_input':
../src/pynq_z2_testapp.c:142:7: error: 'uint8' undeclared (first use in this function); did you mean 'uint'?
   if((uint8)sw_check & 01) // SW0=1 then pass the sample through the filter
       ^~~~~
       uint
../src/pynq_z2_testapp.c:142:7: note: each undeclared identifier is reported only once for each function it appears in
../src/pynq_z2_testapp.c:142:13: error: expected ')' before 'sw_check'
   if((uint8)sw_check & 01) // SW0=1 then pass the sample through the filter
             ^~~~~~~~
../src/pynq_z2_testapp.c:157:7: warning: this 'while' clause does not guard... [-Wmisleading-indentation]
       while(!ResultAvailHlsFir_right);
       ^~~~~
../src/pynq_z2_testapp.c:158:4: note: ...this statement, but the latter is misleadingly indented as if it were guarded by the 'while'
    u32DataR = XFir_Get_y(&HlsFir_right);
    ^~~~~~~~
../src/pynq_z2_testapp.c:128:6: warning: variable 'sw_check' set but not used [-Wunused-but-set-variable]
  int sw_check;
      ^~~~~~~~
make: *** [src/pynq_z2_testapp.o] ´íÎó 1
11:32:01 **** Auto Build of configuration Debug for project TestAPP ****
make pre-build main-build 
a9-linaro-pre-build-step
 
Building file: ../src/pynq_z2_testapp.c
Invoking: ARM v7 gcc compiler
arm-none-eabi-gcc -Wall -O0 -g3 -c -fmessage-length=0 -MT"src/pynq_z2_testapp.o" -mcpu=cortex-a9 -mfpu=vfpv3 -mfloat-abi=hard -I../../standalone_bsp_0/ps7_cortexa9_0/include -MMD -MP -MF"src/pynq_z2_testapp.d" -MT"src/pynq_z2_testapp.o" -o "src/pynq_z2_testapp.o" "../src/pynq_z2_testapp.c"
../src/pynq_z2_testapp.c: In function 'filter_or_bypass_input':
../src/pynq_z2_testapp.c:157:7: warning: this 'while' clause does not guard... [-Wmisleading-indentation]
       while(!ResultAvailHlsFir_right);
       ^~~~~
../src/pynq_z2_testapp.c:158:4: note: ...this statement, but the latter is misleadingly indented as if it were guarded by the 'while'
    u32DataR = XFir_Get_y(&HlsFir_right);
    ^~~~~~~~
Finished building: ../src/pynq_z2_testapp.c
 
Building target: TestAPP.elf
Invoking: ARM v7 gcc linker
arm-none-eabi-gcc -mcpu=cortex-a9 -mfpu=vfpv3 -mfloat-abi=hard -Wl,-build-id=none -specs=Xilinx.spec -Wl,-T -Wl,../src/lscript.ld -L../../standalone_bsp_0/ps7_cortexa9_0/lib -o "TestAPP.elf"  ./src/pynq_z2_testapp.o   -Wl,--start-group,-lxil,-lgcc,-lc,--end-group
Finished building target: TestAPP.elf
 
Invoking: ARM v7 Print Size
arm-none-eabi-size TestAPP.elf  |tee "TestAPP.elf.size"
   text	   data	    bss	    dec	    hex	filename
  35944	   2752	  22680	  61376	   efc0	TestAPP.elf
Finished building: TestAPP.elf.size
 
11:32:52 **** Incremental Build of configuration Debug for project TestAPP ****
make pre-build main-build 
a9-linaro-pre-build-step
 
make: Nothing to be done for `main-build'.
11:33:15 **** Incremental Build of configuration Debug for project TestAPP ****
make pre-build main-build 
a9-linaro-pre-build-step
 
make: Nothing to be done for `main-build'.
11:33:15 **** Incremental Build of configuration Debug for project TestAPP ****
make pre-build main-build 
a9-linaro-pre-build-step
 
make: Nothing to be done for `main-build'.
11:33:26 **** Incremental Build of configuration Debug for project TestAPP ****
make pre-build main-build 
a9-linaro-pre-build-step
 
make: Nothing to be done for `main-build'.
11:34:53 **** Incremental Build of configuration Debug for project TestAPP ****
make pre-build main-build 
a9-linaro-pre-build-step
 
make: Nothing to be done for `main-build'.
11:36:19 **** Incremental Build of configuration Debug for project TestAPP ****
make pre-build main-build 
a9-linaro-pre-build-step
 
make: Nothing to be done for `main-build'.
11:40:58 **** Incremental Build of configuration Debug for project TestAPP ****
make pre-build main-build 
a9-linaro-pre-build-step
 
make: Nothing to be done for `main-build'.
11:41:22 **** Incremental Build of configuration Debug for project TestAPP ****
make pre-build main-build 
a9-linaro-pre-build-step
 
make: Nothing to be done for `main-build'.
11:43:24 **** Auto Build of configuration Debug for project TestAPP ****
make pre-build main-build 
a9-linaro-pre-build-step
 
Building file: ../src/pynq_z2_testapp.c
Invoking: ARM v7 gcc compiler
arm-none-eabi-gcc -Wall -O0 -g3 -c -fmessage-length=0 -MT"src/pynq_z2_testapp.o" -mcpu=cortex-a9 -mfpu=vfpv3 -mfloat-abi=hard -I../../standalone_bsp_0/ps7_cortexa9_0/include -MMD -MP -MF"src/pynq_z2_testapp.d" -MT"src/pynq_z2_testapp.o" -o "src/pynq_z2_testapp.o" "../src/pynq_z2_testapp.c"
../src/pynq_z2_testapp.c: In function 'filter_or_bypass_input':
../src/pynq_z2_testapp.c:158:7: warning: this 'while' clause does not guard... [-Wmisleading-indentation]
       while(!ResultAvailHlsFir_right);
       ^~~~~
../src/pynq_z2_testapp.c:159:4: note: ...this statement, but the latter is misleadingly indented as if it were guarded by the 'while'
    u32DataR = XFir_Get_y(&HlsFir_right);
    ^~~~~~~~
Finished building: ../src/pynq_z2_testapp.c
 
Building target: TestAPP.elf
Invoking: ARM v7 gcc linker
arm-none-eabi-gcc -mcpu=cortex-a9 -mfpu=vfpv3 -mfloat-abi=hard -Wl,-build-id=none -specs=Xilinx.spec -Wl,-T -Wl,../src/lscript.ld -L../../standalone_bsp_0/ps7_cortexa9_0/lib -o "TestAPP.elf"  ./src/pynq_z2_testapp.o   -Wl,--start-group,-lxil,-lgcc,-lc,--end-group
Finished building target: TestAPP.elf
 
Invoking: ARM v7 Print Size
arm-none-eabi-size TestAPP.elf  |tee "TestAPP.elf.size"
   text	   data	    bss	    dec	    hex	filename
  35976	   2752	  22680	  61408	   efe0	TestAPP.elf
Finished building: TestAPP.elf.size
 
11:43:51 **** Incremental Build of configuration Debug for project TestAPP ****
make pre-build main-build 
a9-linaro-pre-build-step
 
make: Nothing to be done for `main-build'.
11:45:26 **** Auto Build of configuration Debug for project TestAPP ****
make pre-build main-build 
a9-linaro-pre-build-step
 
Building file: ../src/pynq_z2_testapp.c
Invoking: ARM v7 gcc compiler
arm-none-eabi-gcc -Wall -O0 -g3 -c -fmessage-length=0 -MT"src/pynq_z2_testapp.o" -mcpu=cortex-a9 -mfpu=vfpv3 -mfloat-abi=hard -I../../standalone_bsp_0/ps7_cortexa9_0/include -MMD -MP -MF"src/pynq_z2_testapp.d" -MT"src/pynq_z2_testapp.o" -o "src/pynq_z2_testapp.o" "../src/pynq_z2_testapp.c"
../src/pynq_z2_testapp.c: In function 'filter_or_bypass_input':
../src/pynq_z2_testapp.c:157:7: warning: this 'while' clause does not guard... [-Wmisleading-indentation]
       while(!ResultAvailHlsFir_right);
       ^~~~~
../src/pynq_z2_testapp.c:158:4: note: ...this statement, but the latter is misleadingly indented as if it were guarded by the 'while'
    u32DataR = XFir_Get_y(&HlsFir_right);
    ^~~~~~~~
Finished building: ../src/pynq_z2_testapp.c
 
Building target: TestAPP.elf
Invoking: ARM v7 gcc linker
arm-none-eabi-gcc -mcpu=cortex-a9 -mfpu=vfpv3 -mfloat-abi=hard -Wl,-build-id=none -specs=Xilinx.spec -Wl,-T -Wl,../src/lscript.ld -L../../standalone_bsp_0/ps7_cortexa9_0/lib -o "TestAPP.elf"  ./src/pynq_z2_testapp.o   -Wl,--start-group,-lxil,-lgcc,-lc,--end-group
Finished building target: TestAPP.elf
 
Invoking: ARM v7 Print Size
arm-none-eabi-size TestAPP.elf  |tee "TestAPP.elf.size"
   text	   data	    bss	    dec	    hex	filename
  35944	   2752	  22680	  61376	   efc0	TestAPP.elf
Finished building: TestAPP.elf.size
 
11:45:39 **** Incremental Build of configuration Debug for project TestAPP ****
make pre-build main-build 
a9-linaro-pre-build-step
 
make: Nothing to be done for `main-build'.
11:46:04 **** Incremental Build of configuration Debug for project TestAPP ****
make pre-build main-build 
a9-linaro-pre-build-step
 
make: Nothing to be done for `main-build'.
11:46:28 **** Incremental Build of configuration Debug for project TestAPP ****
make pre-build main-build 
a9-linaro-pre-build-step
 
make: Nothing to be done for `main-build'.
11:47:23 **** Incremental Build of configuration Debug for project TestAPP ****
make pre-build main-build 
a9-linaro-pre-build-step
 
make: Nothing to be done for `main-build'.
11:48:20 **** Auto Build of configuration Debug for project TestAPP ****
make pre-build main-build 
a9-linaro-pre-build-step
 
Building file: ../src/pynq_z2_testapp.c
Invoking: ARM v7 gcc compiler
arm-none-eabi-gcc -Wall -O0 -g3 -c -fmessage-length=0 -MT"src/pynq_z2_testapp.o" -mcpu=cortex-a9 -mfpu=vfpv3 -mfloat-abi=hard -I../../standalone_bsp_0/ps7_cortexa9_0/include -MMD -MP -MF"src/pynq_z2_testapp.d" -MT"src/pynq_z2_testapp.o" -o "src/pynq_z2_testapp.o" "../src/pynq_z2_testapp.c"
../src/pynq_z2_testapp.c: In function 'filter_or_bypass_input':
../src/pynq_z2_testapp.c:157:7: warning: this 'while' clause does not guard... [-Wmisleading-indentation]
       while(!ResultAvailHlsFir_right);
       ^~~~~
../src/pynq_z2_testapp.c:158:4: note: ...this statement, but the latter is misleadingly indented as if it were guarded by the 'while'
    u32DataR = XFir_Get_y(&HlsFir_right);
    ^~~~~~~~
Finished building: ../src/pynq_z2_testapp.c
 
Building target: TestAPP.elf
Invoking: ARM v7 gcc linker
arm-none-eabi-gcc -mcpu=cortex-a9 -mfpu=vfpv3 -mfloat-abi=hard -Wl,-build-id=none -specs=Xilinx.spec -Wl,-T -Wl,../src/lscript.ld -L../../standalone_bsp_0/ps7_cortexa9_0/lib -o "TestAPP.elf"  ./src/pynq_z2_testapp.o   -Wl,--start-group,-lxil,-lgcc,-lc,--end-group
Finished building target: TestAPP.elf
 
Invoking: ARM v7 Print Size
arm-none-eabi-size TestAPP.elf  |tee "TestAPP.elf.size"
   text	   data	    bss	    dec	    hex	filename
  35944	   2752	  22680	  61376	   efc0	TestAPP.elf
Finished building: TestAPP.elf.size
 
11:48:21 **** Incremental Build of configuration Debug for project TestAPP ****
make pre-build main-build 
a9-linaro-pre-build-step
 
make: Nothing to be done for `main-build'.
11:48:28 **** Incremental Build of configuration Debug for project TestAPP ****
make pre-build main-build 
a9-linaro-pre-build-step
 
make: Nothing to be done for `main-build'.
11:48:41 **** Incremental Build of configuration Debug for project TestAPP ****
make pre-build main-build 
a9-linaro-pre-build-step
 
make: Nothing to be done for `main-build'.
11:48:41 **** Incremental Build of configuration Debug for project TestAPP ****
make pre-build main-build 
a9-linaro-pre-build-step
 
make: Nothing to be done for `main-build'.
11:48:51 **** Incremental Build of configuration Debug for project TestAPP ****
make pre-build main-build 
a9-linaro-pre-build-step
 
make: Nothing to be done for `main-build'.
11:49:10 **** Incremental Build of configuration Debug for project TestAPP ****
make pre-build main-build 
a9-linaro-pre-build-step
 
Building file: ../src/pynq_z2_testapp.c
Invoking: ARM v7 gcc compiler
arm-none-eabi-gcc -Wall -O0 -g3 -c -fmessage-length=0 -MT"src/pynq_z2_testapp.o" -mcpu=cortex-a9 -mfpu=vfpv3 -mfloat-abi=hard -I../../standalone_bsp_0/ps7_cortexa9_0/include -MMD -MP -MF"src/pynq_z2_testapp.d" -MT"src/pynq_z2_testapp.o" -o "src/pynq_z2_testapp.o" "../src/pynq_z2_testapp.c"
../src/pynq_z2_testapp.c: In function 'filter_or_bypass_input':
../src/pynq_z2_testapp.c:157:7: warning: this 'while' clause does not guard... [-Wmisleading-indentation]
       while(!ResultAvailHlsFir_right);
       ^~~~~
../src/pynq_z2_testapp.c:158:4: note: ...this statement, but the latter is misleadingly indented as if it were guarded by the 'while'
    u32DataR = XFir_Get_y(&HlsFir_right);
    ^~~~~~~~
Finished building: ../src/pynq_z2_testapp.c
 
Building target: TestAPP.elf
Invoking: ARM v7 gcc linker
arm-none-eabi-gcc -mcpu=cortex-a9 -mfpu=vfpv3 -mfloat-abi=hard -Wl,-build-id=none -specs=Xilinx.spec -Wl,-T -Wl,../src/lscript.ld -L../../standalone_bsp_0/ps7_cortexa9_0/lib -o "TestAPP.elf"  ./src/pynq_z2_testapp.o   -Wl,--start-group,-lxil,-lgcc,-lc,--end-group
Finished building target: TestAPP.elf
 
Invoking: ARM v7 Print Size
arm-none-eabi-size TestAPP.elf  |tee "TestAPP.elf.size"
   text	   data	    bss	    dec	    hex	filename
  35944	   2752	  22680	  61376	   efc0	TestAPP.elf
Finished building: TestAPP.elf.size
 
12:53:32 **** Incremental Build of configuration Debug for project TestAPP ****
make pre-build main-build 
a9-linaro-pre-build-step
 
Building file: ../src/pynq_z2_testapp.c
Invoking: ARM v7 gcc compiler
arm-none-eabi-gcc -Wall -O0 -g3 -c -fmessage-length=0 -MT"src/pynq_z2_testapp.o" -mcpu=cortex-a9 -mfpu=vfpv3 -mfloat-abi=hard -I../../standalone_bsp_0/ps7_cortexa9_0/include -MMD -MP -MF"src/pynq_z2_testapp.d" -MT"src/pynq_z2_testapp.o" -o "src/pynq_z2_testapp.o" "../src/pynq_z2_testapp.c"
In file included from ../src/pynq_z2_audio.h:4:0,
                 from ../src/pynq_z2_testapp.c:2:
../../standalone_bsp_0/ps7_cortexa9_0/include/xparameters.h:19:10: fatal error: xparameters_ps.h: No such file or directory
 #include "xparameters_ps.h"
          ^~~~~~~~~~~~~~~~~~
compilation terminated.
make: *** [src/pynq_z2_testapp.o] ´íÎó 1
12:54:02 **** Incremental Build of configuration Debug for project TestAPP ****
make pre-build main-build 
a9-linaro-pre-build-step
 
Building file: ../src/pynq_z2_testapp.c
Invoking: ARM v7 gcc compiler
arm-none-eabi-gcc -Wall -O0 -g3 -c -fmessage-length=0 -MT"src/pynq_z2_testapp.o" -mcpu=cortex-a9 -mfpu=vfpv3 -mfloat-abi=hard -I../../standalone_bsp_0/ps7_cortexa9_0/include -MMD -MP -MF"src/pynq_z2_testapp.d" -MT"src/pynq_z2_testapp.o" -o "src/pynq_z2_testapp.o" "../src/pynq_z2_testapp.c"
In file included from ../src/pynq_z2_audio.h:4:0,
                 from ../src/pynq_z2_testapp.c:2:
../../standalone_bsp_0/ps7_cortexa9_0/include/xparameters.h:19:10: fatal error: xparameters_ps.h: No such file or directory
 #include "xparameters_ps.h"
          ^~~~~~~~~~~~~~~~~~
compilation terminated.
make: *** [src/pynq_z2_testapp.o] ´íÎó 1
12:55:07 **** Incremental Build of configuration Debug for project TestAPP ****
make pre-build main-build 
a9-linaro-pre-build-step
 
Building file: ../src/pynq_z2_testapp.c
Invoking: ARM v7 gcc compiler
arm-none-eabi-gcc -Wall -O0 -g3 -c -fmessage-length=0 -MT"src/pynq_z2_testapp.o" -mcpu=cortex-a9 -mfpu=vfpv3 -mfloat-abi=hard -I../../standalone_bsp_0/ps7_cortexa9_0/include -MMD -MP -MF"src/pynq_z2_testapp.d" -MT"src/pynq_z2_testapp.o" -o "src/pynq_z2_testapp.o" "../src/pynq_z2_testapp.c"
In file included from ../src/pynq_z2_audio.h:4:0,
                 from ../src/pynq_z2_testapp.c:2:
../../standalone_bsp_0/ps7_cortexa9_0/include/xparameters.h:19:10: fatal error: xparameters_ps.h: No such file or directory
 #include "xparameters_ps.h"
          ^~~~~~~~~~~~~~~~~~
compilation terminated.
make: *** [src/pynq_z2_testapp.o] ´íÎó 1
12:55:53 **** Incremental Build of configuration Debug for project TestAPP ****
make pre-build main-build 
a9-linaro-pre-build-step
 
Building file: ../src/pynq_z2_testapp.c
Invoking: ARM v7 gcc compiler
arm-none-eabi-gcc -Wall -O0 -g3 -c -fmessage-length=0 -MT"src/pynq_z2_testapp.o" -mcpu=cortex-a9 -mfpu=vfpv3 -mfloat-abi=hard -I../../standalone_bsp_0/ps7_cortexa9_0/include -MMD -MP -MF"src/pynq_z2_testapp.d" -MT"src/pynq_z2_testapp.o" -o "src/pynq_z2_testapp.o" "../src/pynq_z2_testapp.c"
In file included from ../src/pynq_z2_audio.h:4:0,
                 from ../src/pynq_z2_testapp.c:2:
../../standalone_bsp_0/ps7_cortexa9_0/include/xparameters.h:19:10: fatal error: xparameters_ps.h: No such file or directory
 #include "xparameters_ps.h"
          ^~~~~~~~~~~~~~~~~~
compilation terminated.
make: *** [src/pynq_z2_testapp.o] ´íÎó 1
12:57:29 **** Incremental Build of configuration Debug for project TestAPP ****
make pre-build main-build 
a9-linaro-pre-build-step
 
Building file: ../src/pynq_z2_testapp.c
Invoking: ARM v7 gcc compiler
arm-none-eabi-gcc -Wall -O0 -g3 -c -fmessage-length=0 -MT"src/pynq_z2_testapp.o" -mcpu=cortex-a9 -mfpu=vfpv3 -mfloat-abi=hard -I../../standalone_bsp_0/ps7_cortexa9_0/include -MMD -MP -MF"src/pynq_z2_testapp.d" -MT"src/pynq_z2_testapp.o" -o "src/pynq_z2_testapp.o" "../src/pynq_z2_testapp.c"
In file included from ../src/pynq_z2_audio.h:4:0,
                 from ../src/pynq_z2_testapp.c:2:
../../standalone_bsp_0/ps7_cortexa9_0/include/xparameters.h:19:10: fatal error: xparameters_ps.h: No such file or directory
 #include "xparameters_ps.h"
          ^~~~~~~~~~~~~~~~~~
compilation terminated.
make: *** [src/pynq_z2_testapp.o] ´íÎó 1
12:58:36 **** Auto Build of project standalone_bsp_0 ****
make -k all 
"Running Make include in ps7_cortexa9_0/libsrc/coresightps_dcc_v1_4/src"
D:/Vivado/SDK/2018.2/gnuwin/bin/make -C ps7_cortexa9_0/libsrc/coresightps_dcc_v1_4/src -s include  "SHELL=CMD" "COMPILER=arm-none-eabi-gcc" "ARCHIVER=arm-none-eabi-ar" "COMPILER_FLAGS=  -O2 -c" "EXTRA_COMPILER_FLAGS=-mcpu=cortex-a9 -mfpu=vfpv3 -mfloat-abi=hard -nostartfiles -g -Wall -Wextra"
"Running Make include in ps7_cortexa9_0/libsrc/cpu_cortexa9_v2_6/src"
D:/Vivado/SDK/2018.2/gnuwin/bin/make -C ps7_cortexa9_0/libsrc/cpu_cortexa9_v2_6/src -s include  "SHELL=CMD" "COMPILER=arm-none-eabi-gcc" "ARCHIVER=arm-none-eabi-ar" "COMPILER_FLAGS=  -O2 -c" "EXTRA_COMPILER_FLAGS=-mcpu=cortex-a9 -mfpu=vfpv3 -mfloat-abi=hard -nostartfiles -g -Wall -Wextra"
"Running Make include in ps7_cortexa9_0/libsrc/ddrps_v1_0/src"
D:/Vivado/SDK/2018.2/gnuwin/bin/make -C ps7_cortexa9_0/libsrc/ddrps_v1_0/src -s include  "SHELL=CMD" "COMPILER=arm-none-eabi-gcc" "ARCHIVER=arm-none-eabi-ar" "COMPILER_FLAGS=  -O2 -c" "EXTRA_COMPILER_FLAGS=-mcpu=cortex-a9 -mfpu=vfpv3 -mfloat-abi=hard -nostartfiles -g -Wall -Wextra"
"Running Make include in ps7_cortexa9_0/libsrc/devcfg_v3_5/src"
D:/Vivado/SDK/2018.2/gnuwin/bin/make -C ps7_cortexa9_0/libsrc/devcfg_v3_5/src -s include  "SHELL=CMD" "COMPILER=arm-none-eabi-gcc" "ARCHIVER=arm-none-eabi-ar" "COMPILER_FLAGS=  -O2 -c" "EXTRA_COMPILER_FLAGS=-mcpu=cortex-a9 -mfpu=vfpv3 -mfloat-abi=hard -nostartfiles -g -Wall -Wextra"
"Running Make include in ps7_cortexa9_0/libsrc/dmaps_v2_3/src"
D:/Vivado/SDK/2018.2/gnuwin/bin/make -C ps7_cortexa9_0/libsrc/dmaps_v2_3/src -s include  "SHELL=CMD" "COMPILER=arm-none-eabi-gcc" "ARCHIVER=arm-none-eabi-ar" "COMPILER_FLAGS=  -O2 -c" "EXTRA_COMPILER_FLAGS=-mcpu=cortex-a9 -mfpu=vfpv3 -mfloat-abi=hard -nostartfiles -g -Wall -Wextra"
"Running Make include in ps7_cortexa9_0/libsrc/fir_v1_0/src"
D:/Vivado/SDK/2018.2/gnuwin/bin/make -C ps7_cortexa9_0/libsrc/fir_v1_0/src -s include  "SHELL=CMD" "COMPILER=arm-none-eabi-gcc" "ARCHIVER=arm-none-eabi-ar" "COMPILER_FLAGS=  -O2 -c" "EXTRA_COMPILER_FLAGS=-mcpu=cortex-a9 -mfpu=vfpv3 -mfloat-abi=hard -nostartfiles -g -Wall -Wextra"
"Running Make include in ps7_cortexa9_0/libsrc/gpio_v4_3/src"
D:/Vivado/SDK/2018.2/gnuwin/bin/make -C ps7_cortexa9_0/libsrc/gpio_v4_3/src -s include  "SHELL=CMD" "COMPILER=arm-none-eabi-gcc" "ARCHIVER=arm-none-eabi-ar" "COMPILER_FLAGS=  -O2 -c" "EXTRA_COMPILER_FLAGS=-mcpu=cortex-a9 -mfpu=vfpv3 -mfloat-abi=hard -nostartfiles -g -Wall -Wextra"
"Running Make include in ps7_cortexa9_0/libsrc/iicps_v3_7/src"
D:/Vivado/SDK/2018.2/gnuwin/bin/make -C ps7_cortexa9_0/libsrc/iicps_v3_7/src -s include  "SHELL=CMD" "COMPILER=arm-none-eabi-gcc" "ARCHIVER=arm-none-eabi-ar" "COMPILER_FLAGS=  -O2 -c" "EXTRA_COMPILER_FLAGS=-mcpu=cortex-a9 -mfpu=vfpv3 -mfloat-abi=hard -nostartfiles -g -Wall -Wextra"
"Running Make include in ps7_cortexa9_0/libsrc/qspips_v3_4/src"
D:/Vivado/SDK/2018.2/gnuwin/bin/make -C ps7_cortexa9_0/libsrc/qspips_v3_4/src -s include  "SHELL=CMD" "COMPILER=arm-none-eabi-gcc" "ARCHIVER=arm-none-eabi-ar" "COMPILER_FLAGS=  -O2 -c" "EXTRA_COMPILER_FLAGS=-mcpu=cortex-a9 -mfpu=vfpv3 -mfloat-abi=hard -nostartfiles -g -Wall -Wextra"
"Running Make include in ps7_cortexa9_0/libsrc/scugic_v3_9/src"
D:/Vivado/SDK/2018.2/gnuwin/bin/make -C ps7_cortexa9_0/libsrc/scugic_v3_9/src -s include  "SHELL=CMD" "COMPILER=arm-none-eabi-gcc" "ARCHIVER=arm-none-eabi-ar" "COMPILER_FLAGS=  -O2 -c" "EXTRA_COMPILER_FLAGS=-mcpu=cortex-a9 -mfpu=vfpv3 -mfloat-abi=hard -nostartfiles -g -Wall -Wextra"
"Running Make include in ps7_cortexa9_0/libsrc/scutimer_v2_1/src"
D:/Vivado/SDK/2018.2/gnuwin/bin/make -C ps7_cortexa9_0/libsrc/scutimer_v2_1/src -s include  "SHELL=CMD" "COMPILER=arm-none-eabi-gcc" "ARCHIVER=arm-none-eabi-ar" "COMPILER_FLAGS=  -O2 -c" "EXTRA_COMPILER_FLAGS=-mcpu=cortex-a9 -mfpu=vfpv3 -mfloat-abi=hard -nostartfiles -g -Wall -Wextra"
"Running Make include in ps7_cortexa9_0/libsrc/scuwdt_v2_1/src"
D:/Vivado/SDK/2018.2/gnuwin/bin/make -C ps7_cortexa9_0/libsrc/scuwdt_v2_1/src -s include  "SHELL=CMD" "COMPILER=arm-none-eabi-gcc" "ARCHIVER=arm-none-eabi-ar" "COMPILER_FLAGS=  -O2 -c" "EXTRA_COMPILER_FLAGS=-mcpu=cortex-a9 -mfpu=vfpv3 -mfloat-abi=hard -nostartfiles -g -Wall -Wextra"
"Running Make include in ps7_cortexa9_0/libsrc/standalone_v6_7/src"
D:/Vivado/SDK/2018.2/gnuwin/bin/make -C ps7_cortexa9_0/libsrc/standalone_v6_7/src -s include  "SHELL=CMD" "COMPILER=arm-none-eabi-gcc" "ARCHIVER=arm-none-eabi-ar" "COMPILER_FLAGS=  -O2 -c" "EXTRA_COMPILER_FLAGS=-mcpu=cortex-a9 -mfpu=vfpv3 -mfloat-abi=hard -nostartfiles -g -Wall -Wextra"
"Running Make include in ps7_cortexa9_0/libsrc/uartps_v3_6/src"
D:/Vivado/SDK/2018.2/gnuwin/bin/make -C ps7_cortexa9_0/libsrc/uartps_v3_6/src -s include  "SHELL=CMD" "COMPILER=arm-none-eabi-gcc" "ARCHIVER=arm-none-eabi-ar" "COMPILER_FLAGS=  -O2 -c" "EXTRA_COMPILER_FLAGS=-mcpu=cortex-a9 -mfpu=vfpv3 -mfloat-abi=hard -nostartfiles -g -Wall -Wextra"
"Running Make include in ps7_cortexa9_0/libsrc/xadcps_v2_2/src"
D:/Vivado/SDK/2018.2/gnuwin/bin/make -C ps7_cortexa9_0/libsrc/xadcps_v2_2/src -s include  "SHELL=CMD" "COMPILER=arm-none-eabi-gcc" "ARCHIVER=arm-none-eabi-ar" "COMPILER_FLAGS=  -O2 -c" "EXTRA_COMPILER_FLAGS=-mcpu=cortex-a9 -mfpu=vfpv3 -mfloat-abi=hard -nostartfiles -g -Wall -Wextra"
"Running Make libs in ps7_cortexa9_0/libsrc/coresightps_dcc_v1_4/src"
D:/Vivado/SDK/2018.2/gnuwin/bin/make -C ps7_cortexa9_0/libsrc/coresightps_dcc_v1_4/src -s libs  "SHELL=CMD" "COMPILER=arm-none-eabi-gcc" "ARCHIVER=arm-none-eabi-ar" "COMPILER_FLAGS=  -O2 -c" "EXTRA_COMPILER_FLAGS=-mcpu=cortex-a9 -mfpu=vfpv3 -mfloat-abi=hard -nostartfiles -g -Wall -Wextra"
"Compiling coresightps_dcc"
arm-none-eabi-ar: creating ../../../lib/libxil.a
"Running Make libs in ps7_cortexa9_0/libsrc/cpu_cortexa9_v2_6/src"
D:/Vivado/SDK/2018.2/gnuwin/bin/make -C ps7_cortexa9_0/libsrc/cpu_cortexa9_v2_6/src -s libs  "SHELL=CMD" "COMPILER=arm-none-eabi-gcc" "ARCHIVER=arm-none-eabi-ar" "COMPILER_FLAGS=  -O2 -c" "EXTRA_COMPILER_FLAGS=-mcpu=cortex-a9 -mfpu=vfpv3 -mfloat-abi=hard -nostartfiles -g -Wall -Wextra"
"Compiling cpu_cortexa9"
"Running Make libs in ps7_cortexa9_0/libsrc/ddrps_v1_0/src"
D:/Vivado/SDK/2018.2/gnuwin/bin/make -C ps7_cortexa9_0/libsrc/ddrps_v1_0/src -s libs  "SHELL=CMD" "COMPILER=arm-none-eabi-gcc" "ARCHIVER=arm-none-eabi-ar" "COMPILER_FLAGS=  -O2 -c" "EXTRA_COMPILER_FLAGS=-mcpu=cortex-a9 -mfpu=vfpv3 -mfloat-abi=hard -nostartfiles -g -Wall -Wextra"
"Compiling ddrps"
"Running Make libs in ps7_cortexa9_0/libsrc/devcfg_v3_5/src"
D:/Vivado/SDK/2018.2/gnuwin/bin/make -C ps7_cortexa9_0/libsrc/devcfg_v3_5/src -s libs  "SHELL=CMD" "COMPILER=arm-none-eabi-gcc" "ARCHIVER=arm-none-eabi-ar" "COMPILER_FLAGS=  -O2 -c" "EXTRA_COMPILER_FLAGS=-mcpu=cortex-a9 -mfpu=vfpv3 -mfloat-abi=hard -nostartfiles -g -Wall -Wextra"
"Compiling devcfg"
"Running Make libs in ps7_cortexa9_0/libsrc/dmaps_v2_3/src"
D:/Vivado/SDK/2018.2/gnuwin/bin/make -C ps7_cortexa9_0/libsrc/dmaps_v2_3/src -s libs  "SHELL=CMD" "COMPILER=arm-none-eabi-gcc" "ARCHIVER=arm-none-eabi-ar" "COMPILER_FLAGS=  -O2 -c" "EXTRA_COMPILER_FLAGS=-mcpu=cortex-a9 -mfpu=vfpv3 -mfloat-abi=hard -nostartfiles -g -Wall -Wextra"
"Compiling dmaps"
"Running Make libs in ps7_cortexa9_0/libsrc/fir_v1_0/src"
D:/Vivado/SDK/2018.2/gnuwin/bin/make -C ps7_cortexa9_0/libsrc/fir_v1_0/src -s libs  "SHELL=CMD" "COMPILER=arm-none-eabi-gcc" "ARCHIVER=arm-none-eabi-ar" "COMPILER_FLAGS=  -O2 -c" "EXTRA_COMPILER_FLAGS=-mcpu=cortex-a9 -mfpu=vfpv3 -mfloat-abi=hard -nostartfiles -g -Wall -Wextra"
"Compiling fir"
"Running Make libs in ps7_cortexa9_0/libsrc/gpio_v4_3/src"
D:/Vivado/SDK/2018.2/gnuwin/bin/make -C ps7_cortexa9_0/libsrc/gpio_v4_3/src -s libs  "SHELL=CMD" "COMPILER=arm-none-eabi-gcc" "ARCHIVER=arm-none-eabi-ar" "COMPILER_FLAGS=  -O2 -c" "EXTRA_COMPILER_FLAGS=-mcpu=cortex-a9 -mfpu=vfpv3 -mfloat-abi=hard -nostartfiles -g -Wall -Wextra"
"Compiling gpio"
"Running Make libs in ps7_cortexa9_0/libsrc/iicps_v3_7/src"
D:/Vivado/SDK/2018.2/gnuwin/bin/make -C ps7_cortexa9_0/libsrc/iicps_v3_7/src -s libs  "SHELL=CMD" "COMPILER=arm-none-eabi-gcc" "ARCHIVER=arm-none-eabi-ar" "COMPILER_FLAGS=  -O2 -c" "EXTRA_COMPILER_FLAGS=-mcpu=cortex-a9 -mfpu=vfpv3 -mfloat-abi=hard -nostartfiles -g -Wall -Wextra"
"Compiling iicps"
"Running Make libs in ps7_cortexa9_0/libsrc/qspips_v3_4/src"
D:/Vivado/SDK/2018.2/gnuwin/bin/make -C ps7_cortexa9_0/libsrc/qspips_v3_4/src -s libs  "SHELL=CMD" "COMPILER=arm-none-eabi-gcc" "ARCHIVER=arm-none-eabi-ar" "COMPILER_FLAGS=  -O2 -c" "EXTRA_COMPILER_FLAGS=-mcpu=cortex-a9 -mfpu=vfpv3 -mfloat-abi=hard -nostartfiles -g -Wall -Wextra"
"Compiling qspips"
"Running Make libs in ps7_cortexa9_0/libsrc/scugic_v3_9/src"
D:/Vivado/SDK/2018.2/gnuwin/bin/make -C ps7_cortexa9_0/libsrc/scugic_v3_9/src -s libs  "SHELL=CMD" "COMPILER=arm-none-eabi-gcc" "ARCHIVER=arm-none-eabi-ar" "COMPILER_FLAGS=  -O2 -c" "EXTRA_COMPILER_FLAGS=-mcpu=cortex-a9 -mfpu=vfpv3 -mfloat-abi=hard -nostartfiles -g -Wall -Wextra"
"Compiling scugic"
"Running Make libs in ps7_cortexa9_0/libsrc/scutimer_v2_1/src"
D:/Vivado/SDK/2018.2/gnuwin/bin/make -C ps7_cortexa9_0/libsrc/scutimer_v2_1/src -s libs  "SHELL=CMD" "COMPILER=arm-none-eabi-gcc" "ARCHIVER=arm-none-eabi-ar" "COMPILER_FLAGS=  -O2 -c" "EXTRA_COMPILER_FLAGS=-mcpu=cortex-a9 -mfpu=vfpv3 -mfloat-abi=hard -nostartfiles -g -Wall -Wextra"
"Compiling scutimer"
"Running Make libs in ps7_cortexa9_0/libsrc/scuwdt_v2_1/src"
D:/Vivado/SDK/2018.2/gnuwin/bin/make -C ps7_cortexa9_0/libsrc/scuwdt_v2_1/src -s libs  "SHELL=CMD" "COMPILER=arm-none-eabi-gcc" "ARCHIVER=arm-none-eabi-ar" "COMPILER_FLAGS=  -O2 -c" "EXTRA_COMPILER_FLAGS=-mcpu=cortex-a9 -mfpu=vfpv3 -mfloat-abi=hard -nostartfiles -g -Wall -Wextra"
"Compiling scuwdt"
"Running Make libs in ps7_cortexa9_0/libsrc/standalone_v6_7/src"
D:/Vivado/SDK/2018.2/gnuwin/bin/make -C ps7_cortexa9_0/libsrc/standalone_v6_7/src -s libs  "SHELL=CMD" "COMPILER=arm-none-eabi-gcc" "ARCHIVER=arm-none-eabi-ar" "COMPILER_FLAGS=  -O2 -c" "EXTRA_COMPILER_FLAGS=-mcpu=cortex-a9 -mfpu=vfpv3 -mfloat-abi=hard -nostartfiles -g -Wall -Wextra"
"Compiling standalone"
"Running Make libs in ps7_cortexa9_0/libsrc/uartps_v3_6/src"
D:/Vivado/SDK/2018.2/gnuwin/bin/make -C ps7_cortexa9_0/libsrc/uartps_v3_6/src -s libs  "SHELL=CMD" "COMPILER=arm-none-eabi-gcc" "ARCHIVER=arm-none-eabi-ar" "COMPILER_FLAGS=  -O2 -c" "EXTRA_COMPILER_FLAGS=-mcpu=cortex-a9 -mfpu=vfpv3 -mfloat-abi=hard -nostartfiles -g -Wall -Wextra"
"Compiling uartps"
"Running Make libs in ps7_cortexa9_0/libsrc/xadcps_v2_2/src"
D:/Vivado/SDK/2018.2/gnuwin/bin/make -C ps7_cortexa9_0/libsrc/xadcps_v2_2/src -s libs  "SHELL=CMD" "COMPILER=arm-none-eabi-gcc" "ARCHIVER=arm-none-eabi-ar" "COMPILER_FLAGS=  -O2 -c" "EXTRA_COMPILER_FLAGS=-mcpu=cortex-a9 -mfpu=vfpv3 -mfloat-abi=hard -nostartfiles -g -Wall -Wextra"
"Compiling xadcps"
'Finished building libraries'
12:58:58 **** Auto Build of configuration Debug for project TestAPP ****
make pre-build main-build 
a9-linaro-pre-build-step
 
Building file: ../src/pynq_z2_testapp.c
Invoking: ARM v7 gcc compiler
arm-none-eabi-gcc -Wall -O0 -g3 -c -fmessage-length=0 -MT"src/pynq_z2_testapp.o" -mcpu=cortex-a9 -mfpu=vfpv3 -mfloat-abi=hard -I../../standalone_bsp_0/ps7_cortexa9_0/include -MMD -MP -MF"src/pynq_z2_testapp.d" -MT"src/pynq_z2_testapp.o" -o "src/pynq_z2_testapp.o" "../src/pynq_z2_testapp.c"
../src/pynq_z2_testapp.c: In function 'filter_or_bypass_input':
../src/pynq_z2_testapp.c:158:7: warning: this 'while' clause does not guard... [-Wmisleading-indentation]
       while(!ResultAvailHlsFir_right);
       ^~~~~
../src/pynq_z2_testapp.c:159:4: note: ...this statement, but the latter is misleadingly indented as if it were guarded by the 'while'
    u32DataR = XFir_Get_y(&HlsFir_right);
    ^~~~~~~~
Finished building: ../src/pynq_z2_testapp.c
 
Building target: TestAPP.elf
Invoking: ARM v7 gcc linker
arm-none-eabi-gcc -mcpu=cortex-a9 -mfpu=vfpv3 -mfloat-abi=hard -Wl,-build-id=none -specs=Xilinx.spec -Wl,-T -Wl,../src/lscript.ld -L../../standalone_bsp_0/ps7_cortexa9_0/lib -o "TestAPP.elf"  ./src/pynq_z2_testapp.o   -Wl,--start-group,-lxil,-lgcc,-lc,--end-group
Finished building target: TestAPP.elf
 
Invoking: ARM v7 Print Size
arm-none-eabi-size TestAPP.elf  |tee "TestAPP.elf.size"
   text	   data	    bss	    dec	    hex	filename
  35972	   2752	  22680	  61404	   efdc	TestAPP.elf
Finished building: TestAPP.elf.size
 
12:59:17 **** Incremental Build of configuration Debug for project TestAPP ****
make pre-build main-build 
a9-linaro-pre-build-step
 
make: Nothing to be done for `main-build'.
13:02:30 **** Incremental Build of configuration Debug for project TestAPP ****
make pre-build main-build 
a9-linaro-pre-build-step
 
Building file: ../src/pynq_z2_testapp.c
Invoking: ARM v7 gcc compiler
arm-none-eabi-gcc -Wall -O0 -g3 -c -fmessage-length=0 -MT"src/pynq_z2_testapp.o" -mcpu=cortex-a9 -mfpu=vfpv3 -mfloat-abi=hard -I../../standalone_bsp_0/ps7_cortexa9_0/include -MMD -MP -MF"src/pynq_z2_testapp.d" -MT"src/pynq_z2_testapp.o" -o "src/pynq_z2_testapp.o" "../src/pynq_z2_testapp.c"
../src/pynq_z2_testapp.c: In function 'filter_or_bypass_input':
../src/pynq_z2_testapp.c:157:7: warning: this 'while' clause does not guard... [-Wmisleading-indentation]
       while(!ResultAvailHlsFir_right);
       ^~~~~
../src/pynq_z2_testapp.c:158:4: note: ...this statement, but the latter is misleadingly indented as if it were guarded by the 'while'
    u32DataR = XFir_Get_y(&HlsFir_right);
    ^~~~~~~~
Finished building: ../src/pynq_z2_testapp.c
 
Building target: TestAPP.elf
Invoking: ARM v7 gcc linker
arm-none-eabi-gcc -mcpu=cortex-a9 -mfpu=vfpv3 -mfloat-abi=hard -Wl,-build-id=none -specs=Xilinx.spec -Wl,-T -Wl,../src/lscript.ld -L../../standalone_bsp_0/ps7_cortexa9_0/lib -o "TestAPP.elf"  ./src/pynq_z2_testapp.o   -Wl,--start-group,-lxil,-lgcc,-lc,--end-group
Finished building target: TestAPP.elf
 
Invoking: ARM v7 Print Size
arm-none-eabi-size TestAPP.elf  |tee "TestAPP.elf.size"
   text	   data	    bss	    dec	    hex	filename
  35944	   2752	  22680	  61376	   efc0	TestAPP.elf
Finished building: TestAPP.elf.size
 
13:03:39 **** Auto Build of configuration Debug for project TestAPP ****
make pre-build main-build 
a9-linaro-pre-build-step
 
Building file: ../src/pynq_z2_testapp.c
Invoking: ARM v7 gcc compiler
arm-none-eabi-gcc -Wall -O0 -g3 -c -fmessage-length=0 -MT"src/pynq_z2_testapp.o" -mcpu=cortex-a9 -mfpu=vfpv3 -mfloat-abi=hard -I../../standalone_bsp_0/ps7_cortexa9_0/include -MMD -MP -MF"src/pynq_z2_testapp.d" -MT"src/pynq_z2_testapp.o" -o "src/pynq_z2_testapp.o" "../src/pynq_z2_testapp.c"
../src/pynq_z2_testapp.c: In function 'filter_or_bypass_input':
../src/pynq_z2_testapp.c:157:7: warning: this 'while' clause does not guard... [-Wmisleading-indentation]
       while(!ResultAvailHlsFir_right);
       ^~~~~
../src/pynq_z2_testapp.c:158:4: note: ...this statement, but the latter is misleadingly indented as if it were guarded by the 'while'
    u32DataR = XFir_Get_y(&HlsFir_right);
    ^~~~~~~~
Finished building: ../src/pynq_z2_testapp.c
 
Building target: TestAPP.elf
Invoking: ARM v7 gcc linker
arm-none-eabi-gcc -mcpu=cortex-a9 -mfpu=vfpv3 -mfloat-abi=hard -Wl,-build-id=none -specs=Xilinx.spec -Wl,-T -Wl,../src/lscript.ld -L../../standalone_bsp_0/ps7_cortexa9_0/lib -o "TestAPP.elf"  ./src/pynq_z2_testapp.o   -Wl,--start-group,-lxil,-lgcc,-lc,--end-group
Finished building target: TestAPP.elf
 
Invoking: ARM v7 Print Size
arm-none-eabi-size TestAPP.elf  |tee "TestAPP.elf.size"
   text	   data	    bss	    dec	    hex	filename
  35944	   2752	  22680	  61376	   efc0	TestAPP.elf
Finished building: TestAPP.elf.size
 
13:03:51 **** Incremental Build of configuration Debug for project TestAPP ****
make pre-build main-build 
a9-linaro-pre-build-step
 
make: Nothing to be done for `main-build'.
13:12:19 **** Auto Build of configuration Debug for project TestAPP ****
make pre-build main-build 
a9-linaro-pre-build-step
 
Building file: ../src/pynq_z2_testapp.c
Invoking: ARM v7 gcc compiler
arm-none-eabi-gcc -Wall -O0 -g3 -c -fmessage-length=0 -MT"src/pynq_z2_testapp.o" -mcpu=cortex-a9 -mfpu=vfpv3 -mfloat-abi=hard -I../../standalone_bsp_0/ps7_cortexa9_0/include -MMD -MP -MF"src/pynq_z2_testapp.d" -MT"src/pynq_z2_testapp.o" -o "src/pynq_z2_testapp.o" "../src/pynq_z2_testapp.c"
../src/pynq_z2_testapp.c: In function 'filter_or_bypass_input':
../src/pynq_z2_testapp.c:156:7: warning: this 'while' clause does not guard... [-Wmisleading-indentation]
       while(!ResultAvailHlsFir_right);
       ^~~~~
../src/pynq_z2_testapp.c:157:4: note: ...this statement, but the latter is misleadingly indented as if it were guarded by the 'while'
    u32DataR = XFir_Get_y(&HlsFir_right);
    ^~~~~~~~
Finished building: ../src/pynq_z2_testapp.c
 
Building target: TestAPP.elf
Invoking: ARM v7 gcc linker
arm-none-eabi-gcc -mcpu=cortex-a9 -mfpu=vfpv3 -mfloat-abi=hard -Wl,-build-id=none -specs=Xilinx.spec -Wl,-T -Wl,../src/lscript.ld -L../../standalone_bsp_0/ps7_cortexa9_0/lib -o "TestAPP.elf"  ./src/pynq_z2_testapp.o   -Wl,--start-group,-lxil,-lgcc,-lc,--end-group
Finished building target: TestAPP.elf
 
Invoking: ARM v7 Print Size
arm-none-eabi-size TestAPP.elf  |tee "TestAPP.elf.size"
   text	   data	    bss	    dec	    hex	filename
  35944	   2752	  22680	  61376	   efc0	TestAPP.elf
Finished building: TestAPP.elf.size
 
15:14:27 **** Incremental Build of configuration Debug for project TestAPP ****
make pre-build main-build 
a9-linaro-pre-build-step
 
Building file: ../src/pynq_z2_testapp.c
Invoking: ARM v7 gcc compiler
arm-none-eabi-gcc -Wall -O0 -g3 -c -fmessage-length=0 -MT"src/pynq_z2_testapp.o" -mcpu=cortex-a9 -mfpu=vfpv3 -mfloat-abi=hard -I../../standalone_bsp_0/ps7_cortexa9_0/include -MMD -MP -MF"src/pynq_z2_testapp.d" -MT"src/pynq_z2_testapp.o" -o "src/pynq_z2_testapp.o" "../src/pynq_z2_testapp.c"
In file included from ../src/pynq_z2_audio.h:4:0,
                 from ../src/pynq_z2_testapp.c:2:
../../standalone_bsp_0/ps7_cortexa9_0/include/xparameters.h:19:10: fatal error: xparameters_ps.h: No such file or directory
 #include "xparameters_ps.h"
          ^~~~~~~~~~~~~~~~~~
compilation terminated.
make: *** [src/pynq_z2_testapp.o] ´íÎó 1
15:17:33 **** Incremental Build of configuration Debug for project TestAPP ****
make pre-build main-build 
a9-linaro-pre-build-step
 
Building file: ../src/pynq_z2_testapp.c
Invoking: ARM v7 gcc compiler
arm-none-eabi-gcc -Wall -O0 -g3 -c -fmessage-length=0 -MT"src/pynq_z2_testapp.o" -mcpu=cortex-a9 -mfpu=vfpv3 -mfloat-abi=hard -I../../standalone_bsp_0/ps7_cortexa9_0/include -MMD -MP -MF"src/pynq_z2_testapp.d" -MT"src/pynq_z2_testapp.o" -o "src/pynq_z2_testapp.o" "../src/pynq_z2_testapp.c"
In file included from ../src/pynq_z2_audio.h:4:0,
                 from ../src/pynq_z2_testapp.c:2:
../../standalone_bsp_0/ps7_cortexa9_0/include/xparameters.h:19:10: fatal error: xparameters_ps.h: No such file or directory
 #include "xparameters_ps.h"
          ^~~~~~~~~~~~~~~~~~
compilation terminated.
make: *** [src/pynq_z2_testapp.o] ´íÎó 1
15:53:38 **** Auto Build of project standalone_bsp_0 ****
make -k all 
"Running Make include in ps7_cortexa9_0/libsrc/coresightps_dcc_v1_4/src"
D:/Vivado/SDK/2018.2/gnuwin/bin/make -C ps7_cortexa9_0/libsrc/coresightps_dcc_v1_4/src -s include  "SHELL=CMD" "COMPILER=arm-none-eabi-gcc" "ARCHIVER=arm-none-eabi-ar" "COMPILER_FLAGS=  -O2 -c" "EXTRA_COMPILER_FLAGS=-mcpu=cortex-a9 -mfpu=vfpv3 -mfloat-abi=hard -nostartfiles -g -Wall -Wextra"
"Running Make include in ps7_cortexa9_0/libsrc/cpu_cortexa9_v2_6/src"
D:/Vivado/SDK/2018.2/gnuwin/bin/make -C ps7_cortexa9_0/libsrc/cpu_cortexa9_v2_6/src -s include  "SHELL=CMD" "COMPILER=arm-none-eabi-gcc" "ARCHIVER=arm-none-eabi-ar" "COMPILER_FLAGS=  -O2 -c" "EXTRA_COMPILER_FLAGS=-mcpu=cortex-a9 -mfpu=vfpv3 -mfloat-abi=hard -nostartfiles -g -Wall -Wextra"
"Running Make include in ps7_cortexa9_0/libsrc/ddrps_v1_0/src"
D:/Vivado/SDK/2018.2/gnuwin/bin/make -C ps7_cortexa9_0/libsrc/ddrps_v1_0/src -s include  "SHELL=CMD" "COMPILER=arm-none-eabi-gcc" "ARCHIVER=arm-none-eabi-ar" "COMPILER_FLAGS=  -O2 -c" "EXTRA_COMPILER_FLAGS=-mcpu=cortex-a9 -mfpu=vfpv3 -mfloat-abi=hard -nostartfiles -g -Wall -Wextra"
"Running Make include in ps7_cortexa9_0/libsrc/devcfg_v3_5/src"
D:/Vivado/SDK/2018.2/gnuwin/bin/make -C ps7_cortexa9_0/libsrc/devcfg_v3_5/src -s include  "SHELL=CMD" "COMPILER=arm-none-eabi-gcc" "ARCHIVER=arm-none-eabi-ar" "COMPILER_FLAGS=  -O2 -c" "EXTRA_COMPILER_FLAGS=-mcpu=cortex-a9 -mfpu=vfpv3 -mfloat-abi=hard -nostartfiles -g -Wall -Wextra"
"Running Make include in ps7_cortexa9_0/libsrc/dmaps_v2_3/src"
D:/Vivado/SDK/2018.2/gnuwin/bin/make -C ps7_cortexa9_0/libsrc/dmaps_v2_3/src -s include  "SHELL=CMD" "COMPILER=arm-none-eabi-gcc" "ARCHIVER=arm-none-eabi-ar" "COMPILER_FLAGS=  -O2 -c" "EXTRA_COMPILER_FLAGS=-mcpu=cortex-a9 -mfpu=vfpv3 -mfloat-abi=hard -nostartfiles -g -Wall -Wextra"
"Running Make include in ps7_cortexa9_0/libsrc/fir_v1_0/src"
D:/Vivado/SDK/2018.2/gnuwin/bin/make -C ps7_cortexa9_0/libsrc/fir_v1_0/src -s include  "SHELL=CMD" "COMPILER=arm-none-eabi-gcc" "ARCHIVER=arm-none-eabi-ar" "COMPILER_FLAGS=  -O2 -c" "EXTRA_COMPILER_FLAGS=-mcpu=cortex-a9 -mfpu=vfpv3 -mfloat-abi=hard -nostartfiles -g -Wall -Wextra"
"Running Make include in ps7_cortexa9_0/libsrc/gpio_v4_3/src"
D:/Vivado/SDK/2018.2/gnuwin/bin/make -C ps7_cortexa9_0/libsrc/gpio_v4_3/src -s include  "SHELL=CMD" "COMPILER=arm-none-eabi-gcc" "ARCHIVER=arm-none-eabi-ar" "COMPILER_FLAGS=  -O2 -c" "EXTRA_COMPILER_FLAGS=-mcpu=cortex-a9 -mfpu=vfpv3 -mfloat-abi=hard -nostartfiles -g -Wall -Wextra"
"Running Make include in ps7_cortexa9_0/libsrc/iicps_v3_7/src"
D:/Vivado/SDK/2018.2/gnuwin/bin/make -C ps7_cortexa9_0/libsrc/iicps_v3_7/src -s include  "SHELL=CMD" "COMPILER=arm-none-eabi-gcc" "ARCHIVER=arm-none-eabi-ar" "COMPILER_FLAGS=  -O2 -c" "EXTRA_COMPILER_FLAGS=-mcpu=cortex-a9 -mfpu=vfpv3 -mfloat-abi=hard -nostartfiles -g -Wall -Wextra"
"Running Make include in ps7_cortexa9_0/libsrc/qspips_v3_4/src"
D:/Vivado/SDK/2018.2/gnuwin/bin/make -C ps7_cortexa9_0/libsrc/qspips_v3_4/src -s include  "SHELL=CMD" "COMPILER=arm-none-eabi-gcc" "ARCHIVER=arm-none-eabi-ar" "COMPILER_FLAGS=  -O2 -c" "EXTRA_COMPILER_FLAGS=-mcpu=cortex-a9 -mfpu=vfpv3 -mfloat-abi=hard -nostartfiles -g -Wall -Wextra"
"Running Make include in ps7_cortexa9_0/libsrc/scugic_v3_9/src"
D:/Vivado/SDK/2018.2/gnuwin/bin/make -C ps7_cortexa9_0/libsrc/scugic_v3_9/src -s include  "SHELL=CMD" "COMPILER=arm-none-eabi-gcc" "ARCHIVER=arm-none-eabi-ar" "COMPILER_FLAGS=  -O2 -c" "EXTRA_COMPILER_FLAGS=-mcpu=cortex-a9 -mfpu=vfpv3 -mfloat-abi=hard -nostartfiles -g -Wall -Wextra"
"Running Make include in ps7_cortexa9_0/libsrc/scutimer_v2_1/src"
D:/Vivado/SDK/2018.2/gnuwin/bin/make -C ps7_cortexa9_0/libsrc/scutimer_v2_1/src -s include  "SHELL=CMD" "COMPILER=arm-none-eabi-gcc" "ARCHIVER=arm-none-eabi-ar" "COMPILER_FLAGS=  -O2 -c" "EXTRA_COMPILER_FLAGS=-mcpu=cortex-a9 -mfpu=vfpv3 -mfloat-abi=hard -nostartfiles -g -Wall -Wextra"
"Running Make include in ps7_cortexa9_0/libsrc/scuwdt_v2_1/src"
D:/Vivado/SDK/2018.2/gnuwin/bin/make -C ps7_cortexa9_0/libsrc/scuwdt_v2_1/src -s include  "SHELL=CMD" "COMPILER=arm-none-eabi-gcc" "ARCHIVER=arm-none-eabi-ar" "COMPILER_FLAGS=  -O2 -c" "EXTRA_COMPILER_FLAGS=-mcpu=cortex-a9 -mfpu=vfpv3 -mfloat-abi=hard -nostartfiles -g -Wall -Wextra"
"Running Make include in ps7_cortexa9_0/libsrc/standalone_v6_7/src"
D:/Vivado/SDK/2018.2/gnuwin/bin/make -C ps7_cortexa9_0/libsrc/standalone_v6_7/src -s include  "SHELL=CMD" "COMPILER=arm-none-eabi-gcc" "ARCHIVER=arm-none-eabi-ar" "COMPILER_FLAGS=  -O2 -c" "EXTRA_COMPILER_FLAGS=-mcpu=cortex-a9 -mfpu=vfpv3 -mfloat-abi=hard -nostartfiles -g -Wall -Wextra"
"Running Make include in ps7_cortexa9_0/libsrc/uartps_v3_6/src"
D:/Vivado/SDK/2018.2/gnuwin/bin/make -C ps7_cortexa9_0/libsrc/uartps_v3_6/src -s include  "SHELL=CMD" "COMPILER=arm-none-eabi-gcc" "ARCHIVER=arm-none-eabi-ar" "COMPILER_FLAGS=  -O2 -c" "EXTRA_COMPILER_FLAGS=-mcpu=cortex-a9 -mfpu=vfpv3 -mfloat-abi=hard -nostartfiles -g -Wall -Wextra"
"Running Make include in ps7_cortexa9_0/libsrc/xadcps_v2_2/src"
D:/Vivado/SDK/2018.2/gnuwin/bin/make -C ps7_cortexa9_0/libsrc/xadcps_v2_2/src -s include  "SHELL=CMD" "COMPILER=arm-none-eabi-gcc" "ARCHIVER=arm-none-eabi-ar" "COMPILER_FLAGS=  -O2 -c" "EXTRA_COMPILER_FLAGS=-mcpu=cortex-a9 -mfpu=vfpv3 -mfloat-abi=hard -nostartfiles -g -Wall -Wextra"
"Running Make libs in ps7_cortexa9_0/libsrc/coresightps_dcc_v1_4/src"
D:/Vivado/SDK/2018.2/gnuwin/bin/make -C ps7_cortexa9_0/libsrc/coresightps_dcc_v1_4/src -s libs  "SHELL=CMD" "COMPILER=arm-none-eabi-gcc" "ARCHIVER=arm-none-eabi-ar" "COMPILER_FLAGS=  -O2 -c" "EXTRA_COMPILER_FLAGS=-mcpu=cortex-a9 -mfpu=vfpv3 -mfloat-abi=hard -nostartfiles -g -Wall -Wextra"
"Compiling coresightps_dcc"
arm-none-eabi-ar: creating ../../../lib/libxil.a
"Running Make libs in ps7_cortexa9_0/libsrc/cpu_cortexa9_v2_6/src"
D:/Vivado/SDK/2018.2/gnuwin/bin/make -C ps7_cortexa9_0/libsrc/cpu_cortexa9_v2_6/src -s libs  "SHELL=CMD" "COMPILER=arm-none-eabi-gcc" "ARCHIVER=arm-none-eabi-ar" "COMPILER_FLAGS=  -O2 -c" "EXTRA_COMPILER_FLAGS=-mcpu=cortex-a9 -mfpu=vfpv3 -mfloat-abi=hard -nostartfiles -g -Wall -Wextra"
"Compiling cpu_cortexa9"
"Running Make libs in ps7_cortexa9_0/libsrc/ddrps_v1_0/src"
D:/Vivado/SDK/2018.2/gnuwin/bin/make -C ps7_cortexa9_0/libsrc/ddrps_v1_0/src -s libs  "SHELL=CMD" "COMPILER=arm-none-eabi-gcc" "ARCHIVER=arm-none-eabi-ar" "COMPILER_FLAGS=  -O2 -c" "EXTRA_COMPILER_FLAGS=-mcpu=cortex-a9 -mfpu=vfpv3 -mfloat-abi=hard -nostartfiles -g -Wall -Wextra"
"Compiling ddrps"
"Running Make libs in ps7_cortexa9_0/libsrc/devcfg_v3_5/src"
D:/Vivado/SDK/2018.2/gnuwin/bin/make -C ps7_cortexa9_0/libsrc/devcfg_v3_5/src -s libs  "SHELL=CMD" "COMPILER=arm-none-eabi-gcc" "ARCHIVER=arm-none-eabi-ar" "COMPILER_FLAGS=  -O2 -c" "EXTRA_COMPILER_FLAGS=-mcpu=cortex-a9 -mfpu=vfpv3 -mfloat-abi=hard -nostartfiles -g -Wall -Wextra"
"Compiling devcfg"
"Running Make libs in ps7_cortexa9_0/libsrc/dmaps_v2_3/src"
D:/Vivado/SDK/2018.2/gnuwin/bin/make -C ps7_cortexa9_0/libsrc/dmaps_v2_3/src -s libs  "SHELL=CMD" "COMPILER=arm-none-eabi-gcc" "ARCHIVER=arm-none-eabi-ar" "COMPILER_FLAGS=  -O2 -c" "EXTRA_COMPILER_FLAGS=-mcpu=cortex-a9 -mfpu=vfpv3 -mfloat-abi=hard -nostartfiles -g -Wall -Wextra"
"Compiling dmaps"
"Running Make libs in ps7_cortexa9_0/libsrc/fir_v1_0/src"
D:/Vivado/SDK/2018.2/gnuwin/bin/make -C ps7_cortexa9_0/libsrc/fir_v1_0/src -s libs  "SHELL=CMD" "COMPILER=arm-none-eabi-gcc" "ARCHIVER=arm-none-eabi-ar" "COMPILER_FLAGS=  -O2 -c" "EXTRA_COMPILER_FLAGS=-mcpu=cortex-a9 -mfpu=vfpv3 -mfloat-abi=hard -nostartfiles -g -Wall -Wextra"
"Compiling fir"
"Running Make libs in ps7_cortexa9_0/libsrc/gpio_v4_3/src"
D:/Vivado/SDK/2018.2/gnuwin/bin/make -C ps7_cortexa9_0/libsrc/gpio_v4_3/src -s libs  "SHELL=CMD" "COMPILER=arm-none-eabi-gcc" "ARCHIVER=arm-none-eabi-ar" "COMPILER_FLAGS=  -O2 -c" "EXTRA_COMPILER_FLAGS=-mcpu=cortex-a9 -mfpu=vfpv3 -mfloat-abi=hard -nostartfiles -g -Wall -Wextra"
"Compiling gpio"
"Running Make libs in ps7_cortexa9_0/libsrc/iicps_v3_7/src"
D:/Vivado/SDK/2018.2/gnuwin/bin/make -C ps7_cortexa9_0/libsrc/iicps_v3_7/src -s libs  "SHELL=CMD" "COMPILER=arm-none-eabi-gcc" "ARCHIVER=arm-none-eabi-ar" "COMPILER_FLAGS=  -O2 -c" "EXTRA_COMPILER_FLAGS=-mcpu=cortex-a9 -mfpu=vfpv3 -mfloat-abi=hard -nostartfiles -g -Wall -Wextra"
"Compiling iicps"
[...]
../src/pynq_z2_testapp.c: In function 'filter_or_bypass_input':
../src/pynq_z2_testapp.c:363:7: warning: this 'while' clause does not guard... [-Wmisleading-indentation]
       while(!ResultAvailHlsFir_right);
       ^~~~~
../src/pynq_z2_testapp.c:364:4: note: ...this statement, but the latter is misleadingly indented as if it were guarded by the 'while'
    u32DataR = XFir_Get_y(&HlsFir_right);
    ^~~~~~~~
In file included from ../../standalone_bsp_0/ps7_cortexa9_0/include/xiicps.h:207:0,
                 from ../src/pynq_z2_testapp.c:6:
../src/pynq_z2_testapp.c: In function 'LEDBAR_GPIO_Init':
../../standalone_bsp_0/ps7_cortexa9_0/include/xstatus.h:65:41: warning: 'return' with a value, in function returning void
 #define XST_FAILURE                     1L
                                         ^
../src/pynq_z2_testapp.c:396:16: note: in expansion of macro 'XST_FAILURE'
         return XST_FAILURE;
                ^~~~~~~~~~~
../src/pynq_z2_testapp.c:390:6: note: declared here
 void LEDBAR_GPIO_Init(){
      ^~~~~~~~~~~~~~~~
In file included from ../src/pynq_z2_testapp.c:16:0:
At top level:
../src/LED_BAR.h:44:13: warning: 'delay' defined but not used [-Wunused-function]
 static void delay(int dly)
             ^~~~~
Finished building: ../src/pynq_z2_testapp.c
 
Building target: Xilinx_Music.elf
Invoking: ARM v7 gcc linker
arm-none-eabi-gcc -mcpu=cortex-a9 -mfpu=vfpv3 -mfloat-abi=hard -Wl,-build-id=none -specs=Xilinx.spec -Wl,-T -Wl,../src/lscript.ld -L../../standalone_bsp_0/ps7_cortexa9_0/lib -o "Xilinx_Music.elf"  ./src/pynq_z2_testapp.o   -lm -Wl,--start-group,-lxil,-lgcc,-lc,--end-group
Finished building target: Xilinx_Music.elf
 
Invoking: ARM v7 Print Size
arm-none-eabi-size Xilinx_Music.elf  |tee "Xilinx_Music.elf.size"
   text	   data	    bss	    dec	    hex	filename
  55100	   2808	  22760	  80668	  13b1c	Xilinx_Music.elf
Finished building: Xilinx_Music.elf.size
 
01:50:11 **** Auto Build of configuration Debug for project Xilinx_Music ****
make pre-build main-build 
a9-linaro-pre-build-step
 
Building file: ../src/pynq_z2_testapp.c
Invoking: ARM v7 gcc compiler
arm-none-eabi-gcc -Wall -O0 -g3 -c -fmessage-length=0 -MT"src/pynq_z2_testapp.o" -mcpu=cortex-a9 -mfpu=vfpv3 -mfloat-abi=hard -I../../standalone_bsp_0/ps7_cortexa9_0/include -MMD -MP -MF"src/pynq_z2_testapp.d" -MT"src/pynq_z2_testapp.o" -o "src/pynq_z2_testapp.o" "../src/pynq_z2_testapp.c"
../src/pynq_z2_testapp.c: In function 'filter_or_bypass_input':
../src/pynq_z2_testapp.c:363:7: warning: this 'while' clause does not guard... [-Wmisleading-indentation]
       while(!ResultAvailHlsFir_right);
       ^~~~~
../src/pynq_z2_testapp.c:364:4: note: ...this statement, but the latter is misleadingly indented as if it were guarded by the 'while'
    u32DataR = XFir_Get_y(&HlsFir_right);
    ^~~~~~~~
In file included from ../../standalone_bsp_0/ps7_cortexa9_0/include/xiicps.h:207:0,
                 from ../src/pynq_z2_testapp.c:6:
../src/pynq_z2_testapp.c: In function 'LEDBAR_GPIO_Init':
../../standalone_bsp_0/ps7_cortexa9_0/include/xstatus.h:65:41: warning: 'return' with a value, in function returning void
 #define XST_FAILURE                     1L
                                         ^
../src/pynq_z2_testapp.c:396:16: note: in expansion of macro 'XST_FAILURE'
         return XST_FAILURE;
                ^~~~~~~~~~~
../src/pynq_z2_testapp.c:390:6: note: declared here
 void LEDBAR_GPIO_Init(){
      ^~~~~~~~~~~~~~~~
In file included from ../src/pynq_z2_testapp.c:16:0:
At top level:
../src/LED_BAR.h:44:13: warning: 'delay' defined but not used [-Wunused-function]
 static void delay(int dly)
             ^~~~~
Finished building: ../src/pynq_z2_testapp.c
 
Building target: Xilinx_Music.elf
Invoking: ARM v7 gcc linker
arm-none-eabi-gcc -mcpu=cortex-a9 -mfpu=vfpv3 -mfloat-abi=hard -Wl,-build-id=none -specs=Xilinx.spec -Wl,-T -Wl,../src/lscript.ld -L../../standalone_bsp_0/ps7_cortexa9_0/lib -o "Xilinx_Music.elf"  ./src/pynq_z2_testapp.o   -lm -Wl,--start-group,-lxil,-lgcc,-lc,--end-group
Finished building target: Xilinx_Music.elf
 
Invoking: ARM v7 Print Size
arm-none-eabi-size Xilinx_Music.elf  |tee "Xilinx_Music.elf.size"
   text	   data	    bss	    dec	    hex	filename
  55100	   2808	  22760	  80668	  13b1c	Xilinx_Music.elf
Finished building: Xilinx_Music.elf.size
 
01:50:20 **** Incremental Build of configuration Debug for project Xilinx_Music ****
make pre-build main-build 
a9-linaro-pre-build-step
 
make: Nothing to be done for `main-build'.
09:07:47 **** Auto Build of configuration Debug for project Xilinx_Music ****
make pre-build main-build 
a9-linaro-pre-build-step
 
Building file: ../src/pynq_z2_testapp.c
Invoking: ARM v7 gcc compiler
arm-none-eabi-gcc -Wall -O0 -g3 -c -fmessage-length=0 -MT"src/pynq_z2_testapp.o" -mcpu=cortex-a9 -mfpu=vfpv3 -mfloat-abi=hard -I../../standalone_bsp_0/ps7_cortexa9_0/include -MMD -MP -MF"src/pynq_z2_testapp.d" -MT"src/pynq_z2_testapp.o" -o "src/pynq_z2_testapp.o" "../src/pynq_z2_testapp.c"
../src/pynq_z2_testapp.c: In function 'filter_or_bypass_input':
../src/pynq_z2_testapp.c:250:9: error: 'Flag_count' undeclared (first use in this function); did you mean 'flag_count'?
      if(Flag_count==8)Flag_count=1;
         ^~~~~~~~~~
         flag_count
../src/pynq_z2_testapp.c:250:9: note: each undeclared identifier is reported only once for each function it appears in
../src/pynq_z2_testapp.c:379:7: warning: this 'while' clause does not guard... [-Wmisleading-indentation]
       while(!ResultAvailHlsFir_right);
       ^~~~~
../src/pynq_z2_testapp.c:380:4: note: ...this statement, but the latter is misleadingly indented as if it were guarded by the 'while'
    u32DataR = XFir_Get_y(&HlsFir_right);
    ^~~~~~~~
In file included from ../../standalone_bsp_0/ps7_cortexa9_0/include/xiicps.h:207:0,
                 from ../src/pynq_z2_testapp.c:6:
../src/pynq_z2_testapp.c: In function 'LEDBAR_GPIO_Init':
../../standalone_bsp_0/ps7_cortexa9_0/include/xstatus.h:65:41: warning: 'return' with a value, in function returning void
 #define XST_FAILURE                     1L
                                         ^
../src/pynq_z2_testapp.c:412:16: note: in expansion of macro 'XST_FAILURE'
         return XST_FAILURE;
                ^~~~~~~~~~~
../src/pynq_z2_testapp.c:406:6: note: declared here
 void LEDBAR_GPIO_Init(){
      ^~~~~~~~~~~~~~~~
In file included from ../src/pynq_z2_testapp.c:16:0:
At top level:
../src/LED_BAR.h:44:13: warning: 'delay' defined but not used [-Wunused-function]
 static void delay(int dly)
             ^~~~~
make: *** [src/pynq_z2_testapp.o] ´íÎó 1
09:08:09 **** Auto Build of configuration Debug for project Xilinx_Music ****
make pre-build main-build 
a9-linaro-pre-build-step
 
Building file: ../src/pynq_z2_testapp.c
Invoking: ARM v7 gcc compiler
arm-none-eabi-gcc -Wall -O0 -g3 -c -fmessage-length=0 -MT"src/pynq_z2_testapp.o" -mcpu=cortex-a9 -mfpu=vfpv3 -mfloat-abi=hard -I../../standalone_bsp_0/ps7_cortexa9_0/include -MMD -MP -MF"src/pynq_z2_testapp.d" -MT"src/pynq_z2_testapp.o" -o "src/pynq_z2_testapp.o" "../src/pynq_z2_testapp.c"
../src/pynq_z2_testapp.c: In function 'filter_or_bypass_input':
../src/pynq_z2_testapp.c:379:7: warning: this 'while' clause does not guard... [-Wmisleading-indentation]
       while(!ResultAvailHlsFir_right);
       ^~~~~
../src/pynq_z2_testapp.c:380:4: note: ...this statement, but the latter is misleadingly indented as if it were guarded by the 'while'
    u32DataR = XFir_Get_y(&HlsFir_right);
    ^~~~~~~~
In file included from ../../standalone_bsp_0/ps7_cortexa9_0/include/xiicps.h:207:0,
                 from ../src/pynq_z2_testapp.c:6:
../src/pynq_z2_testapp.c: In function 'LEDBAR_GPIO_Init':
../../standalone_bsp_0/ps7_cortexa9_0/include/xstatus.h:65:41: warning: 'return' with a value, in function returning void
 #define XST_FAILURE                     1L
                                         ^
../src/pynq_z2_testapp.c:412:16: note: in expansion of macro 'XST_FAILURE'
         return XST_FAILURE;
                ^~~~~~~~~~~
../src/pynq_z2_testapp.c:406:6: note: declared here
 void LEDBAR_GPIO_Init(){
      ^~~~~~~~~~~~~~~~
In file included from ../src/pynq_z2_testapp.c:16:0:
At top level:
../src/LED_BAR.h:44:13: warning: 'delay' defined but not used [-Wunused-function]
 static void delay(int dly)
             ^~~~~
Finished building: ../src/pynq_z2_testapp.c
 
Building target: Xilinx_Music.elf
Invoking: ARM v7 gcc linker
arm-none-eabi-gcc -mcpu=cortex-a9 -mfpu=vfpv3 -mfloat-abi=hard -Wl,-build-id=none -specs=Xilinx.spec -Wl,-T -Wl,../src/lscript.ld -L../../standalone_bsp_0/ps7_cortexa9_0/lib -o "Xilinx_Music.elf"  ./src/pynq_z2_testapp.o   -lm -Wl,--start-group,-lxil,-lgcc,-lc,--end-group
Finished building target: Xilinx_Music.elf
 
Invoking: ARM v7 Print Size
arm-none-eabi-size Xilinx_Music.elf  |tee "Xilinx_Music.elf.size"
   text	   data	    bss	    dec	    hex	filename
  51708	   2808	  22760	  77276	  12ddc	Xilinx_Music.elf
Finished building: Xilinx_Music.elf.size
 
09:10:54 **** Incremental Build of configuration Debug for project Xilinx_Music ****
make pre-build main-build 
a9-linaro-pre-build-step
 
make: Nothing to be done for `main-build'.
09:14:00 **** Incremental Build of configuration Debug for project Xilinx_Music ****
make pre-build main-build 
a9-linaro-pre-build-step
 
Building file: ../src/pynq_z2_testapp.c
Invoking: ARM v7 gcc compiler
arm-none-eabi-gcc -Wall -O0 -g3 -c -fmessage-length=0 -MT"src/pynq_z2_testapp.o" -mcpu=cortex-a9 -mfpu=vfpv3 -mfloat-abi=hard -I../../standalone_bsp_0/ps7_cortexa9_0/include -MMD -MP -MF"src/pynq_z2_testapp.d" -MT"src/pynq_z2_testapp.o" -o "src/pynq_z2_testapp.o" "../src/pynq_z2_testapp.c"
../src/pynq_z2_testapp.c: In function 'filter_or_bypass_input':
../src/pynq_z2_testapp.c:379:7: warning: this 'while' clause does not guard... [-Wmisleading-indentation]
       while(!ResultAvailHlsFir_right);
       ^~~~~
../src/pynq_z2_testapp.c:380:4: note: ...this statement, but the latter is misleadingly indented as if it were guarded by the 'while'
    u32DataR = XFir_Get_y(&HlsFir_right);
    ^~~~~~~~
In file included from ../../standalone_bsp_0/ps7_cortexa9_0/include/xiicps.h:207:0,
                 from ../src/pynq_z2_testapp.c:6:
../src/pynq_z2_testapp.c: In function 'LEDBAR_GPIO_Init':
../../standalone_bsp_0/ps7_cortexa9_0/include/xstatus.h:65:41: warning: 'return' with a value, in function returning void
 #define XST_FAILURE                     1L
                                         ^
../src/pynq_z2_testapp.c:412:16: note: in expansion of macro 'XST_FAILURE'
         return XST_FAILURE;
                ^~~~~~~~~~~
../src/pynq_z2_testapp.c:406:6: note: declared here
 void LEDBAR_GPIO_Init(){
      ^~~~~~~~~~~~~~~~
In file included from ../src/pynq_z2_testapp.c:16:0:
At top level:
../src/LED_BAR.h:44:13: warning: 'delay' defined but not used [-Wunused-function]
 static void delay(int dly)
             ^~~~~
Finished building: ../src/pynq_z2_testapp.c
 
Building target: Xilinx_Music.elf
Invoking: ARM v7 gcc linker
arm-none-eabi-gcc -mcpu=cortex-a9 -mfpu=vfpv3 -mfloat-abi=hard -Wl,-build-id=none -specs=Xilinx.spec -Wl,-T -Wl,../src/lscript.ld -L../../standalone_bsp_0/ps7_cortexa9_0/lib -o "Xilinx_Music.elf"  ./src/pynq_z2_testapp.o   -lm -Wl,--start-group,-lxil,-lgcc,-lc,--end-group
Finished building target: Xilinx_Music.elf
 
Invoking: ARM v7 Print Size
arm-none-eabi-size Xilinx_Music.elf  |tee "Xilinx_Music.elf.size"
   text	   data	    bss	    dec	    hex	filename
  51708	   2808	  22760	  77276	  12ddc	Xilinx_Music.elf
Finished building: Xilinx_Music.elf.size
 
09:15:29 **** Auto Build of configuration Debug for project Xilinx_Music ****
make pre-build main-build 
a9-linaro-pre-build-step
 
Building file: ../src/pynq_z2_testapp.c
Invoking: ARM v7 gcc compiler
arm-none-eabi-gcc -Wall -O0 -g3 -c -fmessage-length=0 -MT"src/pynq_z2_testapp.o" -mcpu=cortex-a9 -mfpu=vfpv3 -mfloat-abi=hard -I../../standalone_bsp_0/ps7_cortexa9_0/include -MMD -MP -MF"src/pynq_z2_testapp.d" -MT"src/pynq_z2_testapp.o" -o "src/pynq_z2_testapp.o" "../src/pynq_z2_testapp.c"
../src/pynq_z2_testapp.c: In function 'filter_or_bypass_input':
../src/pynq_z2_testapp.c:383:7: warning: this 'while' clause does not guard... [-Wmisleading-indentation]
       while(!ResultAvailHlsFir_right);
       ^~~~~
../src/pynq_z2_testapp.c:384:4: note: ...this statement, but the latter is misleadingly indented as if it were guarded by the 'while'
    u32DataR = XFir_Get_y(&HlsFir_right);
    ^~~~~~~~
In file included from ../../standalone_bsp_0/ps7_cortexa9_0/include/xiicps.h:207:0,
                 from ../src/pynq_z2_testapp.c:6:
../src/pynq_z2_testapp.c: In function 'LEDBAR_GPIO_Init':
../../standalone_bsp_0/ps7_cortexa9_0/include/xstatus.h:65:41: warning: 'return' with a value, in function returning void
 #define XST_FAILURE                     1L
                                         ^
../src/pynq_z2_testapp.c:416:16: note: in expansion of macro 'XST_FAILURE'
         return XST_FAILURE;
                ^~~~~~~~~~~
../src/pynq_z2_testapp.c:410:6: note: declared here
 void LEDBAR_GPIO_Init(){
      ^~~~~~~~~~~~~~~~
In file included from ../src/pynq_z2_testapp.c:16:0:
At top level:
../src/LED_BAR.h:44:13: warning: 'delay' defined but not used [-Wunused-function]
 static void delay(int dly)
             ^~~~~
Finished building: ../src/pynq_z2_testapp.c
 
Building target: Xilinx_Music.elf
Invoking: ARM v7 gcc linker
arm-none-eabi-gcc -mcpu=cortex-a9 -mfpu=vfpv3 -mfloat-abi=hard -Wl,-build-id=none -specs=Xilinx.spec -Wl,-T -Wl,../src/lscript.ld -L../../standalone_bsp_0/ps7_cortexa9_0/lib -o "Xilinx_Music.elf"  ./src/pynq_z2_testapp.o   -lm -Wl,--start-group,-lxil,-lgcc,-lc,--end-group
Finished building target: Xilinx_Music.elf
 
Invoking: ARM v7 Print Size
arm-none-eabi-size Xilinx_Music.elf  |tee "Xilinx_Music.elf.size"
   text	   data	    bss	    dec	    hex	filename
  51708	   2808	  22760	  77276	  12ddc	Xilinx_Music.elf
Finished building: Xilinx_Music.elf.size
 
09:15:38 **** Incremental Build of configuration Debug for project Xilinx_Music ****
make pre-build main-build 
a9-linaro-pre-build-step
 
make: Nothing to be done for `main-build'.
09:17:58 **** Incremental Build of configuration Debug for project Xilinx_Music ****
make pre-build main-build 
a9-linaro-pre-build-step
 
make: Nothing to be done for `main-build'.
09:32:20 **** Incremental Build of configuration Debug for project Xilinx_Music ****
make pre-build main-build 
a9-linaro-pre-build-step
 
make: Nothing to be done for `main-build'.
09:33:45 **** Incremental Build of configuration Debug for project Xilinx_Music ****
make pre-build main-build 
a9-linaro-pre-build-step
 
Building file: ../src/pynq_z2_testapp.c
Invoking: ARM v7 gcc compiler
arm-none-eabi-gcc -Wall -O0 -g3 -c -fmessage-length=0 -MT"src/pynq_z2_testapp.o" -mcpu=cortex-a9 -mfpu=vfpv3 -mfloat-abi=hard -I../../standalone_bsp_0/ps7_cortexa9_0/include -MMD -MP -MF"src/pynq_z2_testapp.d" -MT"src/pynq_z2_testapp.o" -o "src/pynq_z2_testapp.o" "../src/pynq_z2_testapp.c"
../src/pynq_z2_testapp.c: In function 'filter_or_bypass_input':
../src/pynq_z2_testapp.c:383:7: warning: this 'while' clause does not guard... [-Wmisleading-indentation]
       while(!ResultAvailHlsFir_right);
       ^~~~~
../src/pynq_z2_testapp.c:384:4: note: ...this statement, but the latter is misleadingly indented as if it were guarded by the 'while'
    u32DataR = XFir_Get_y(&HlsFir_right);
    ^~~~~~~~
In file included from ../../standalone_bsp_0/ps7_cortexa9_0/include/xiicps.h:207:0,
                 from ../src/pynq_z2_testapp.c:6:
../src/pynq_z2_testapp.c: In function 'LEDBAR_GPIO_Init':
../../standalone_bsp_0/ps7_cortexa9_0/include/xstatus.h:65:41: warning: 'return' with a value, in function returning void
 #define XST_FAILURE                     1L
                                         ^
../src/pynq_z2_testapp.c:416:16: note: in expansion of macro 'XST_FAILURE'
         return XST_FAILURE;
                ^~~~~~~~~~~
../src/pynq_z2_testapp.c:410:6: note: declared here
 void LEDBAR_GPIO_Init(){
      ^~~~~~~~~~~~~~~~
In file included from ../src/pynq_z2_testapp.c:16:0:
At top level:
../src/LED_BAR.h:44:13: warning: 'delay' defined but not used [-Wunused-function]
 static void delay(int dly)
             ^~~~~
Finished building: ../src/pynq_z2_testapp.c
 
Building target: Xilinx_Music.elf
Invoking: ARM v7 gcc linker
arm-none-eabi-gcc -mcpu=cortex-a9 -mfpu=vfpv3 -mfloat-abi=hard -Wl,-build-id=none -specs=Xilinx.spec -Wl,-T -Wl,../src/lscript.ld -L../../standalone_bsp_0/ps7_cortexa9_0/lib -o "Xilinx_Music.elf"  ./src/pynq_z2_testapp.o   -lm -Wl,--start-group,-lxil,-lgcc,-lc,--end-group
Finished building target: Xilinx_Music.elf
 
Invoking: ARM v7 Print Size
arm-none-eabi-size Xilinx_Music.elf  |tee "Xilinx_Music.elf.size"
   text	   data	    bss	    dec	    hex	filename
  51708	   2808	  22760	  77276	  12ddc	Xilinx_Music.elf
Finished building: Xilinx_Music.elf.size
 
09:36:08 **** Auto Build of configuration Debug for project Xilinx_Music ****
make pre-build main-build 
a9-linaro-pre-build-step
 
Building file: ../src/pynq_z2_testapp.c
Invoking: ARM v7 gcc compiler
arm-none-eabi-gcc -Wall -O0 -g3 -c -fmessage-length=0 -MT"src/pynq_z2_testapp.o" -mcpu=cortex-a9 -mfpu=vfpv3 -mfloat-abi=hard -I../../standalone_bsp_0/ps7_cortexa9_0/include -MMD -MP -MF"src/pynq_z2_testapp.d" -MT"src/pynq_z2_testapp.o" -o "src/pynq_z2_testapp.o" "../src/pynq_z2_testapp.c"
../src/pynq_z2_testapp.c: In function 'filter_or_bypass_input':
../src/pynq_z2_testapp.c:383:7: warning: this 'while' clause does not guard... [-Wmisleading-indentation]
       while(!ResultAvailHlsFir_right);
       ^~~~~
../src/pynq_z2_testapp.c:384:4: note: ...this statement, but the latter is misleadingly indented as if it were guarded by the 'while'
    u32DataR = XFir_Get_y(&HlsFir_right);
    ^~~~~~~~
In file included from ../../standalone_bsp_0/ps7_cortexa9_0/include/xiicps.h:207:0,
                 from ../src/pynq_z2_testapp.c:6:
../src/pynq_z2_testapp.c: In function 'LEDBAR_GPIO_Init':
../../standalone_bsp_0/ps7_cortexa9_0/include/xstatus.h:65:41: warning: 'return' with a value, in function returning void
 #define XST_FAILURE                     1L
                                         ^
../src/pynq_z2_testapp.c:416:16: note: in expansion of macro 'XST_FAILURE'
         return XST_FAILURE;
                ^~~~~~~~~~~
../src/pynq_z2_testapp.c:410:6: note: declared here
 void LEDBAR_GPIO_Init(){
      ^~~~~~~~~~~~~~~~
In file included from ../src/pynq_z2_testapp.c:16:0:
At top level:
../src/LED_BAR.h:44:13: warning: 'delay' defined but not used [-Wunused-function]
 static void delay(int dly)
             ^~~~~
Finished building: ../src/pynq_z2_testapp.c
 
Building target: Xilinx_Music.elf
Invoking: ARM v7 gcc linker
arm-none-eabi-gcc -mcpu=cortex-a9 -mfpu=vfpv3 -mfloat-abi=hard -Wl,-build-id=none -specs=Xilinx.spec -Wl,-T -Wl,../src/lscript.ld -L../../standalone_bsp_0/ps7_cortexa9_0/lib -o "Xilinx_Music.elf"  ./src/pynq_z2_testapp.o   -lm -Wl,--start-group,-lxil,-lgcc,-lc,--end-group
Finished building target: Xilinx_Music.elf
 
Invoking: ARM v7 Print Size
arm-none-eabi-size Xilinx_Music.elf  |tee "Xilinx_Music.elf.size"
   text	   data	    bss	    dec	    hex	filename
  51836	   2808	  22760	  77404	  12e5c	Xilinx_Music.elf
Finished building: Xilinx_Music.elf.size
 
09:36:12 **** Incremental Build of configuration Debug for project Xilinx_Music ****
make pre-build main-build 
a9-linaro-pre-build-step
 
make: Nothing to be done for `main-build'.
10:18:29 **** Incremental Build of configuration Debug for project Xilinx_Music ****
make pre-build main-build 
a9-linaro-pre-build-step
 
make: Nothing to be done for `main-build'.
